---
source: crates/codegen/tests/test_yul_tests.rs
expression: "output.tests[0].yul"
input_file: tests/fixtures/test_output/effect_test.fe
---
object "test_test_effect" {
  code {
    datacopy(0, dataoffset("runtime"), datasize("runtime"))
    return(0, datasize("runtime"))
  }

  object "runtime" {
    code {
      function $test_effect__StorPtr_u256___64779554cfbf0358($x) {
        let v0 := sload($x)
        let v1 := $u256_addassign_add_assign(v0, 1)
        sstore($x, v1)
        leave
      }
      function $u256_add_add($self, $other) -> ret {
        let v0 := add($self, $other)
        let v1 := lt(v0, $self)
        let v2 := v1
        if v2 {
          revert(0, 0)
        }
        ret := v0
        leave
      }
      function $u256_addassign_add_assign($self, $other) -> ret {
        let v0 := $u256_add_add($self, $other)
        ret := v0
        leave
      }
      $test_effect__StorPtr_u256___64779554cfbf0358(0)
      return(0, 0)
    }
  }
}
