---
source: crates/hir/tests/desugar.rs
assertion_line: 32
expression: output
input_file: test_files/desugar/contract_and_effects.fe
---
use core::prelude::*
use std::evm::StorageMap

pub contract Counter {
    map: StorageMap<u256, u64, 0>,
    count: u64,

    recv CounterMsg {
        Increment uses (mut count, mut map) {
            map.set(0, count)
            count += 1
        }
        Get -> (u64, u64) uses (count, map) {
            (count, map.get(0))
        }
    }
}

mod CounterMsg {
    use core::prelude::*
    use super::*

    pub struct Increment {}

    impl core::message::MsgVariant<std::abi::Sol> for Increment {
        type Args = ()
        type Return = ()
        const SELECTOR: u32 = 1
    }

    impl Increment {
        pub fn decode(mut _ d: std::abi::sol::SolDecoder<std::evm::calldata::CallData>) -> Self {
            return Self {  }
        }
    
    }

    pub struct Get {}

    impl core::message::MsgVariant<std::abi::Sol> for Get {
        type Args = ()
        type Return = (u64, u64)
        const SELECTOR: u32 = 2
    }

    impl Get {
        pub fn decode(mut _ d: std::abi::sol::SolDecoder<std::evm::calldata::CallData>) -> Self {
            return Self {  }
        }
    
    }
}
