---
source: crates/codegen/tests/yul.rs
assertion_line: 36
expression: desugared
---
use core::prelude::*
use std::evm::Address
use std::evm::Ctx
use std::evm::StorageMap
use std::evm::assert
use std::evm::effects::Log

const MINTER: u256 = 1

const BURNER: u256 = 2

const BALANCES_SALT: u256 = 0

const ALLOWANCES_SALT: u256 = 1

const ROLES_SALT: u256 = 2

pub contract CoolCoin uses (mut ctx: Ctx, mut log: Log) {
    store: TokenStore,
    auth: AccessControl,

    recv Erc20 {
        Transfer { to, amount } -> bool uses (ctx, mut store, mut log) {
            transfer(from: ctx.caller(), to, amount)
            true
        }
        Approve { spender, amount } -> bool uses (ctx, mut store, mut log) {
            approve(owner: ctx.caller(), spender, amount)
            true
        }
        TransferFrom { from, to, amount } -> bool uses (ctx, mut store, mut log) {
            spend_allowance(owner: from, spender: ctx.caller(), amount)
            transfer(from, to, amount)
            true
        }
        BalanceOf { account } -> u256 uses (store) {
            store.balances.get(account)
        }
        Allowance { owner, spender } -> u256 uses (store) {
            store.allowances.get((owner, spender))
        }
        TotalSupply {  } -> u256 uses (store) {
            store.total_supply
        }
        Name {  } -> String<32> {
            "CoolCoin"
        }
        Symbol {  } -> String<8> {
            "COOL"
        }
        Decimals {  } -> u8 {
            18
        }
    }

    recv Erc20Extended {
        Mint { to, amount } -> bool uses (ctx, mut store, mut log, auth) {
            auth.require(role: MINTER)
            mint(to, amount)
            true
        }
        Burn { amount } -> bool uses (ctx, mut store, mut log) {
            burn(from: ctx.caller(), amount)
            true
        }
        BurnFrom { from, amount } -> bool uses (ctx, mut store, mut log) {
            spend_allowance(owner: from, spender: ctx.caller(), amount)
            burn(from, amount)
            true
        }
        IncreaseAllowance { spender, added_value } -> bool uses (ctx, mut store, mut log) {
            let owner = ctx.caller()
            let current = store.allowances.get((owner, spender))
            approve(owner, spender, amount: current + added_value)
            true
        }
        DecreaseAllowance { spender, subtracted_value } -> bool uses (ctx, mut store, mut log) {
            let owner = ctx.caller()
            let current = store.allowances.get((owner, spender))
            assert(current >= subtracted_value)
            approve(owner, spender, amount: current - subtracted_value)
            true
        }
    }
}

fn transfer(from: Address, to: Address, amount: u256) uses (mut store: TokenStore, mut log: Log) {
    assert(from != Address::zero())
    assert(to != Address::zero())
    let from_balance = store.balances.get(from)
    assert(from_balance >= amount)
    store.balances.set(from, from_balance - amount)
    store.balances.set(to, store.balances.get(to) + amount)
    log.emit(TransferEvent { from, to, value: amount })
}

fn mint(to: Address, amount: u256) uses (mut store: TokenStore, mut log: Log) {
    assert(to != Address::zero())
    store.total_supply += amount
    store.balances.set(to, store.balances.get(to) + amount)
    log.emit(TransferEvent { from: Address::zero(), to, value: amount })
}

fn burn(from: Address, amount: u256) uses (mut store: TokenStore, mut log: Log) {
    assert(from != Address::zero())
    let from_balance = store.balances.get(from)
    assert(from_balance >= amount)
    store.balances.set(from, from_balance - amount)
    store.total_supply -= amount
    log.emit(TransferEvent { from, to: Address::zero(), value: amount })
}

fn approve(owner: Address, spender: Address, amount: u256) uses (mut store: TokenStore, mut log: Log) {
    assert(owner != Address::zero())
    assert(spender != Address::zero())
    store.allowances.set((owner, spender), amount)
    log.emit(ApprovalEvent { owner, spender, value: amount })
}

fn spend_allowance(owner: Address, spender: Address, amount: u256) uses (mut store: TokenStore) {
    let current = store.allowances.get((owner, spender))
    assert(current >= amount)
    store.allowances.set((owner, spender), current - amount)
}

struct TokenStore {
    total_supply: u256,
    balances: StorageMap<Address, u256, BALANCES_SALT>,
    allowances: StorageMap<(Address, Address), u256, ALLOWANCES_SALT>,
}

pub struct AccessControl {
    roles: StorageMap<(u256, Address), bool, ROLES_SALT>,
}

impl AccessControl {
    pub fn has_role(self, role: u256, account: Address) -> bool {
        self.roles.get((role, account))
    }

    pub fn require(self, role: u256) uses (ctx: Ctx) {
        assert(self.roles.get((role, ctx.caller())) == true)
    }

    pub fn grant(mut self, role: u256, to: Address) {
        self.roles.set((role, to), true)
    }

    pub fn revoke(mut self, role: u256, from: Address) {
        self.roles.set((role, from), false)
    }

}

mod Erc20 {
    use core::prelude::*
    use super::*

    pub struct Name {}

    impl core::message::MsgVariant<std::abi::Sol> for Name {
        type Args = ()
        type Return = String<32>
        const SELECTOR: u32 = 117300739
    }

    impl Name {
        pub fn decode(mut _ d: std::abi::sol::SolDecoder<std::evm::calldata::CallData>) -> Self {
            return Self {  }
        }
    
    }

    pub struct Symbol {}

    impl core::message::MsgVariant<std::abi::Sol> for Symbol {
        type Args = ()
        type Return = String<8>
        const SELECTOR: u32 = 2514000705
    }

    impl Symbol {
        pub fn decode(mut _ d: std::abi::sol::SolDecoder<std::evm::calldata::CallData>) -> Self {
            return Self {  }
        }
    
    }

    pub struct Decimals {}

    impl core::message::MsgVariant<std::abi::Sol> for Decimals {
        type Args = ()
        type Return = u8
        const SELECTOR: u32 = 826074471
    }

    impl Decimals {
        pub fn decode(mut _ d: std::abi::sol::SolDecoder<std::evm::calldata::CallData>) -> Self {
            return Self {  }
        }
    
    }

    pub struct TotalSupply {}

    impl core::message::MsgVariant<std::abi::Sol> for TotalSupply {
        type Args = ()
        type Return = u256
        const SELECTOR: u32 = 404098525
    }

    impl TotalSupply {
        pub fn decode(mut _ d: std::abi::sol::SolDecoder<std::evm::calldata::CallData>) -> Self {
            return Self {  }
        }
    
    }

    pub struct BalanceOf {
        pub account: Address,
    }

    impl core::message::MsgVariant<std::abi::Sol> for BalanceOf {
        type Args = (Address)
        type Return = u256
        const SELECTOR: u32 = 1889567281
    }

    impl BalanceOf {
        pub fn decode(mut _ d: std::abi::sol::SolDecoder<std::evm::calldata::CallData>) -> Self {
            let account = Address::decode(d)
            return Self { account: account }
        }
    
    }

    pub struct Allowance {
        pub owner: Address,
        pub spender: Address,
    }

    impl core::message::MsgVariant<std::abi::Sol> for Allowance {
        type Args = (Address, Address)
        type Return = u256
        const SELECTOR: u32 = 3714247998
    }

    impl Allowance {
        pub fn decode(mut _ d: std::abi::sol::SolDecoder<std::evm::calldata::CallData>) -> Self {
            let owner = Address::decode(d)
            let spender = Address::decode(d)
            return Self { owner: owner, spender: spender }
        }
    
    }

    pub struct Transfer {
        pub to: Address,
        pub amount: u256,
    }

    impl core::message::MsgVariant<std::abi::Sol> for Transfer {
        type Args = (Address, u256)
        type Return = bool
        const SELECTOR: u32 = 2835717307
    }

    impl Transfer {
        pub fn decode(mut _ d: std::abi::sol::SolDecoder<std::evm::calldata::CallData>) -> Self {
            let to = Address::decode(d)
            let amount = u256::decode(d)
            return Self { to: to, amount: amount }
        }
    
    }

    pub struct Approve {
        pub spender: Address,
        pub amount: u256,
    }

    impl core::message::MsgVariant<std::abi::Sol> for Approve {
        type Args = (Address, u256)
        type Return = bool
        const SELECTOR: u32 = 157198259
    }

    impl Approve {
        pub fn decode(mut _ d: std::abi::sol::SolDecoder<std::evm::calldata::CallData>) -> Self {
            let spender = Address::decode(d)
            let amount = u256::decode(d)
            return Self { spender: spender, amount: amount }
        }
    
    }

    pub struct TransferFrom {
        pub from: Address,
        pub to: Address,
        pub amount: u256,
    }

    impl core::message::MsgVariant<std::abi::Sol> for TransferFrom {
        type Args = (Address, Address, u256)
        type Return = bool
        const SELECTOR: u32 = 599290589
    }

    impl TransferFrom {
        pub fn decode(mut _ d: std::abi::sol::SolDecoder<std::evm::calldata::CallData>) -> Self {
            let from = Address::decode(d)
            let to = Address::decode(d)
            let amount = u256::decode(d)
            return Self { from: from, to: to, amount: amount }
        }
    
    }
}

mod Erc20Extended {
    use core::prelude::*
    use super::*

    pub struct Mint {
        pub to: Address,
        pub amount: u256,
    }

    impl core::message::MsgVariant<std::abi::Sol> for Mint {
        type Args = (Address, u256)
        type Return = bool
        const SELECTOR: u32 = 1086394137
    }

    impl Mint {
        pub fn decode(mut _ d: std::abi::sol::SolDecoder<std::evm::calldata::CallData>) -> Self {
            let to = Address::decode(d)
            let amount = u256::decode(d)
            return Self { to: to, amount: amount }
        }
    
    }

    pub struct Burn {
        pub amount: u256,
    }

    impl core::message::MsgVariant<std::abi::Sol> for Burn {
        type Args = (u256)
        type Return = bool
        const SELECTOR: u32 = 1117154408
    }

    impl Burn {
        pub fn decode(mut _ d: std::abi::sol::SolDecoder<std::evm::calldata::CallData>) -> Self {
            let amount = u256::decode(d)
            return Self { amount: amount }
        }
    
    }

    pub struct BurnFrom {
        pub from: Address,
        pub amount: u256,
    }

    impl core::message::MsgVariant<std::abi::Sol> for BurnFrom {
        type Args = (Address, u256)
        type Return = bool
        const SELECTOR: u32 = 2043438992
    }

    impl BurnFrom {
        pub fn decode(mut _ d: std::abi::sol::SolDecoder<std::evm::calldata::CallData>) -> Self {
            let from = Address::decode(d)
            let amount = u256::decode(d)
            return Self { from: from, amount: amount }
        }
    
    }

    pub struct IncreaseAllowance {
        pub spender: Address,
        pub added_value: u256,
    }

    impl core::message::MsgVariant<std::abi::Sol> for IncreaseAllowance {
        type Args = (Address, u256)
        type Return = bool
        const SELECTOR: u32 = 961581905
    }

    impl IncreaseAllowance {
        pub fn decode(mut _ d: std::abi::sol::SolDecoder<std::evm::calldata::CallData>) -> Self {
            let spender = Address::decode(d)
            let added_value = u256::decode(d)
            return Self { spender: spender, added_value: added_value }
        }
    
    }

    pub struct DecreaseAllowance {
        pub spender: Address,
        pub subtracted_value: u256,
    }

    impl core::message::MsgVariant<std::abi::Sol> for DecreaseAllowance {
        type Args = (Address, u256)
        type Return = bool
        const SELECTOR: u32 = 2757214935
    }

    impl DecreaseAllowance {
        pub fn decode(mut _ d: std::abi::sol::SolDecoder<std::evm::calldata::CallData>) -> Self {
            let spender = Address::decode(d)
            let subtracted_value = u256::decode(d)
            return Self { spender: spender, subtracted_value: subtracted_value }
        }
    
    }
}

struct TransferEvent {
    #[indexed]
    from: Address,
    #[indexed]
    to: Address,
    value: u256,
}

struct ApprovalEvent {
    #[indexed]
    owner: Address,
    #[indexed]
    spender: Address,
    value: u256,
}
