---
source: crates/codegen/tests/yul.rs
expression: output
input_file: tests/fixtures/full_contract.fe
---
object "ShapeDispatcher" {
  code {
    function $init__StorPtr_Evm___207f35a85ac4062e() {
      let v0 := datasize("ShapeDispatcher_deployed")
      let v1 := dataoffset("ShapeDispatcher_deployed")
      codecopy(0, v1, v0)
      return(0, v0)
    }
    $init__StorPtr_Evm___207f35a85ac4062e()
  }

  object "ShapeDispatcher_deployed" {
    code {
      function $abi_encode($value, $ops) {
        let v0 := 0
        mstore(v0, $value)
        return(v0, 32)
      }
      function $dispatch__StorPtr_Evm___207f35a85ac4062e() {
        let v0 := calldataload(0)
        let v1 := shr(224, v0)
        let v2 := $u256_eq_eq(v1, 151146943)
        let v3 := v2
        if v3 {
          let v4 := calldataload(4)
          let v5 := calldataload(36)
          let v6 := mload(0x40)
          if iszero(v6) {
            v6 := 0x80
          }
          mstore(0x40, add(v6, 64))
          mstore(v6, v4)
          mstore(add(v6, 32), v5)
          let v7 := v6
          let v8 := mload(v7)
          let v9 := $u256_add_add(v8, 1)
          mstore(v7, v9)
          let v10 := mload(add(v7, 32))
          let v11 := $u256_add_add(v10, 2)
          mstore(add(v7, 32), v11)
          let v12 := $point_area_mem(v7)
          $abi_encode(v12, 0)
        }
        let v13 := $u256_eq_eq(v1, 2066295049)
        let v14 := v13
        if v14 {
          let v15 := calldataload(4)
          let v16 := v15
          let v17 := $u256_add_add(v16, 3)
          v16 := v17
          let v18 := $square_area(v16)
          $abi_encode(v18, 0)
        }
        return(0, 0)
      }
      function $point_area_mem($self) -> ret {
        let v0 := mload($self)
        let v1 := mload(add($self, 32))
        let v2 := $u256_mul_mul(v0, v1)
        ret := v2
        leave
      }
      function $square_area($self) -> ret {
        let v0 := $self
        let v1 := $u256_mul_mul(v0, v0)
        ret := v1
        leave
      }
      function $u256_add_add($self, $other) -> ret {
        let v0 := add($self, $other)
        let v1 := lt(v0, $self)
        let v2 := v1
        if v2 {
          revert(0, 0)
        }
        ret := v0
        leave
      }
      function $u256_div_div($self, $other) -> ret {
        let v0 := $u256_eq_eq($other, 0)
        let v1 := v0
        if v1 {
          revert(0, 0)
        }
        let v2 := div($self, $other)
        ret := v2
        leave
      }
      function $u256_eq_eq($self, $other) -> ret {
        let v0 := eq($self, $other)
        ret := v0
        leave
      }
      function $u256_eq_ne($self, $other) -> ret {
        let v0 := iszero(eq($self, $other))
        ret := v0
        leave
      }
      function $u256_mul_mul($self, $other) -> ret {
        let v0 := mul($self, $other)
        let v1 := $u256_eq_ne($self, 0)
        let v2 := $u256_div_div(v0, $self)
        let v3 := $u256_eq_ne(v2, $other)
        let v4 := and(v1, v3)
        if v4 {
          revert(0, 0)
        }
        ret := v0
        leave
      }
      $dispatch__StorPtr_Evm___207f35a85ac4062e()
      return(0, 0)
    }
  }
}
