---
source: crates/codegen/tests/yul.rs
expression: output
input_file: tests/fixtures/function_call.fe
---
function $add_one($x) -> ret {
  let v0 := $u64_add_add($x, 1)
  ret := v0
  leave
}
function $call_add_one() -> ret {
  let v0 := $add_one(5)
  ret := v0
  leave
}
function $u64_add_add($self, $other) -> ret {
  let v0 := and(add(and($self, 0xffffffffffffffff), and($other, 0xffffffffffffffff)), 0xffffffffffffffff)
  let v1 := lt(and(v0, 0xffffffffffffffff), and($self, 0xffffffffffffffff))
  let v2 := v1
  if v2 {
    revert(0, 0)
  }
  ret := v0
  leave
}
