---
source: crates/codegen/tests/yul.rs
assertion_line: 36
expression: desugared
---
use core::prelude::*

mod EchoMsg {
    use core::prelude::*
    use super::*

    pub struct Answer {}

    impl core::message::MsgVariant<std::abi::Sol> for Answer {
        type Args = ()
        type Return = u256
        const SELECTOR: u32 = 1
    }

    impl Answer {
        pub fn decode(mut _ d: std::abi::sol::SolDecoder<std::evm::calldata::CallData>) -> Self {
            return Self {  }
        }
    
    }

    pub struct Echo {
        pub x: u256,
    }

    impl core::message::MsgVariant<std::abi::Sol> for Echo {
        type Args = (u256)
        type Return = u256
        const SELECTOR: u32 = 2
    }

    impl Echo {
        pub fn decode(mut _ d: std::abi::sol::SolDecoder<std::evm::calldata::CallData>) -> Self {
            let x = u256::decode(d)
            return Self { x: x }
        }
    
    }

    pub struct GetX {}

    impl core::message::MsgVariant<std::abi::Sol> for GetX {
        type Args = ()
        type Return = u256
        const SELECTOR: u32 = 3
    }

    impl GetX {
        pub fn decode(mut _ d: std::abi::sol::SolDecoder<std::evm::calldata::CallData>) -> Self {
            return Self {  }
        }
    
    }
}

pub struct Foo {
    x: u256,
    y: u256,
}

pub contract EchoContract {
    state: Foo,

    recv EchoMsg {
        Answer -> u256 {
            42
        }
        Echo { x } -> u256 {
            x
        }
        GetX -> u256 uses (state) {
            state.x
        }
    }
}
