---
source: crates/codegen/tests/yul.rs
assertion_line: 31
expression: output
input_file: tests/fixtures/if_else_methodcall.fe
---
function teststruct_get_value1(self) -> ret {
  ret := 42
}
function teststruct_get_value2(self, x) -> ret {
  ret := mul(x, 24)
}
function test_if_else(x) -> ret {
  let v0 := alloc(0)
  let v1 := v0
  let v2 := 0
  if gt(x, 10) {
    v2 := teststruct_get_value1(v1)
  }
  if iszero(gt(x, 10)) {
    v2 := teststruct_get_value2(v1, 10)
  }
  ret := v2
}
function alloc(size) -> ret {
  let v0 := mload(64)
  let v1 := eq(v0, 0)
  if v1 {
    v0 := 128
    mstore(64, add(v0, size))
    ret := v0
  }
  if iszero(v1) {
    mstore(64, add(v0, size))
    ret := v0
  }
}
