---
source: crates/codegen/tests/yul.rs
expression: output
input_file: tests/fixtures/momo.fe
---
function read_x(val) -> ret {
  ret := add(get_field__MyStruct_u8__fc5e5f8d6bb839cd(val, 0, 0), get_field__MyStruct_u8__fc5e5f8d6bb839cd(val, 0, 1))
}
function get_field__MyStruct_u8__fc5e5f8d6bb839cd(addr, space, offset) -> ret {
  let v0 := add(addr, offset)
  let v1 := 0
  switch space
    case 0 {
      v1 := mload(v0)
    }
    case 1 {
      v1 := sload(v0)
    }
    default {
    }
  let v2 := v1
  ret := from_word__u8__bc9d6eeaea22ffb5(v2)
}
function from_word__u8__bc9d6eeaea22ffb5(word) -> ret {
  ret := and(word, 255)
}
