---
source: crates/codegen/tests/yul.rs
assertion_line: 36
expression: desugared
---
use core::prelude::*

mod Msg {
    use core::prelude::*
    use super::*

    pub struct Bump {}

    impl core::message::MsgVariant<std::abi::Sol> for Bump {
        type Args = ()
        type Return = u256
        const SELECTOR: u32 = 1
    }

    impl Bump {
        pub fn decode(mut _ d: std::abi::sol::SolDecoder<std::evm::calldata::CallData>) -> Self {
            return Self {  }
        }
    
    }
}

struct Wrap {
    inner: u256,
}

impl Wrap {
    fn bump(mut self) -> Self {
        self.inner += 1
        self
    }

}

pub contract NewtypeStorageFieldMutMethodCall {
    pad: u256,
    w: Wrap,

    recv Msg {
        Bump -> u256 uses (mut w) {
            w = w.bump()
            w.inner
        }
    }
}
