---
source: crates/codegen/tests/yul.rs
assertion_line: 36
expression: desugared
---
use core::prelude::*

mod Msg {
    use core::prelude::*
    use super::*

    pub struct Bump {}

    impl core::message::MsgVariant<std::abi::Sol> for Bump {
        type Args = ()
        type Return = u256
        const SELECTOR: u32 = 1
    }

    impl Bump {
        pub fn decode(mut _ d: std::abi::sol::SolDecoder<std::evm::calldata::CallData>) -> Self {
            return Self {  }
        }
    
    }
}

struct Wrap {
    inner: u256,
}

fn bump() uses (mut w: Wrap) {
    w.inner += 1
}

pub contract NewtypeByPlaceEffectArg {
    x: u256,
    w: Wrap,

    recv Msg {
        Bump -> u256 uses (mut w, mut x) {
            bump()
            x += 1
            x
        }
    }
}
