---
source: crates/uitest/tests/semantic_borrowck.rs
assertion_line: 25
expression: diags
input_file: fixtures/semantic_borrowck/storage_map_field_methods_rejected.fe
---
error[16-0001]: borrow conflict in `fn RawSlots::recv[0][0]`
   ┌─ storage_map_field_methods_rejected.fe:33:13
   │
33 │             ledger.peek(slot)
   │             ^^^^^^^^^^^^^^^^^
   │             │
   │             cannot immutably borrow this place while a mutable borrow is active
   │             borrow created here

error[16-0001]: borrow conflict in `fn RawSlots::recv[0][1]`
   ┌─ storage_map_field_methods_rejected.fe:36:13
   │
36 │             ledger.mixed(to, slot)
   │             ^^^^^^^^^^^^^^^^^^^^^^
   │             │
   │             cannot mutably borrow this place while a mut borrow is active
   │             borrow created here

error[16-0001]: borrow conflict in `fn forward_mixed`
   ┌─ storage_map_field_methods_rejected.fe:42:5
   │
42 │     ledger.mixed(to, slot)
   │     ^^^^^^^^^^^^^^^^^^^^^^
   │     │
   │     cannot mutably borrow this place while a mut borrow is active
   │     borrow created here

error[16-0001]: borrow conflict in `fn repeat_mixed`
   ┌─ storage_map_field_methods_rejected.fe:51:5
   │
51 │     ledger.mixed(to, slot)
   │     ^^^^^^^^^^^^^^^^^^^^^^
   │     │
   │     cannot mutably borrow this place while a mut borrow is active
   │     borrow created here

error[16-0001]: borrow conflict in `fn Packed::recv[0][0]`
   ┌─ storage_map_field_methods_rejected.fe:93:13
   │
93 │             bits.flip(i)
   │             ^^^^^^^^^^^^
   │             │
   │             cannot immutably borrow this place while a mutable borrow is active
   │             borrow created here

error[16-0001]: borrow conflict in `fn hold_across_set`
    ┌─ storage_map_field_methods_rejected.fe:100:5
    │
 99 │     let held = mut slot
    │                -------- borrow created here
100 │     map.set(key, value: 7)
    │     ^^^^^^^^^^^^^^^^^^^^^^ cannot mutably borrow this place while a mut borrow is active

error[16-0001]: borrow conflict in `fn hold_target_across_set`
    ┌─ storage_map_field_methods_rejected.fe:119:5
    │
118 │     let held = mut target
    │                ---------- borrow created here
119 │     map.set(key, value: 7)
    │     ^^^^^^^^^^^^^^^^^^^^^^ cannot mutably borrow this place while a mut borrow is active
