---
source: crates/fe/tests/cli_output.rs
expression: output
---
=== STDERR ===
Error: Errors in dependency

Dependency: dep_with_type_error (version: 0.1.0)
URL: file://<project>/crates/fe/tests/fixtures/cli_output/ingots/dep_with_type_error/

error[8-0000]: type mismatch
  ┌─ src/lib.fe:2:24
  │
2 │     let count: usize = value
  │                        ^^^^^ expected `usize`, but `u256` is given



=== EXIT CODE: 1 ===
