---
source: crates/codegen/tests/sonatina_ir.rs
expression: output
input_file: crates/codegen/tests/fixtures/array_mut.fe
---
target = "evm-ethereum-osaka"

func private %array_mut(v0.i256) -> i256 {
    block0:
        v3.*i8 = evm_malloc 32.i256;
        v4.i256 = ptr_to_int v3 i256;
        v5.i8 = trunc v0 i8;
        v6.i256 = zext v5 i256;
        evm_mstore8 v4 v6;
        v8.i8 = trunc 2.i256 i8;
        v9.i256 = zext v8 i256;
        v11.i256 = add v4 1.i256;
        evm_mstore8 v11 v9;
        v13.i8 = trunc 3.i256 i8;
        v14.i256 = zext v13 i256;
        v15.i256 = add v4 2.i256;
        evm_mstore8 v15 v14;
        v17.i8 = trunc 4.i256 i8;
        v18.i256 = zext v17 i256;
        v19.i256 = add v4 3.i256;
        evm_mstore8 v19 v18;
        return v4;
}

func private %__fe_sonatina_entry() {
    block0:
        v1.i256 = call %array_mut 0.i256;
        evm_stop;
}


object @Contract {
    section runtime {
        entry %__fe_sonatina_entry;
    }
}
