---
source: crates/codegen/tests/sonatina_ir.rs
assertion_line: 64
expression: output
input_file: crates/codegen/tests/fixtures/array_mut.fe
---
target = "evm-ethereum-osaka"

func public %array_mut(v0.i256) -> i256 {
    block0:
        v3.*i8 = evm_malloc 128.i256;
        v4.i256 = ptr_to_int v3 i256;
        v5.i8 = trunc v0 i8;
        v6.i256 = zext v5 i256;
        v7.*[i256; 4] = int_to_ptr v4 *[i256; 4];
        v8.*i256 = gep v7 0.i256 0.i256;
        v9.i256 = ptr_to_int v8 i256;
        mstore v9 v6 i256;
        v11.i8 = trunc 2.i256 i8;
        v12.i256 = zext v11 i256;
        v13.*[i256; 4] = int_to_ptr v4 *[i256; 4];
        v15.*i256 = gep v13 0.i256 1.i256;
        v16.i256 = ptr_to_int v15 i256;
        mstore v16 v12 i256;
        v18.i8 = trunc 3.i256 i8;
        v19.i256 = zext v18 i256;
        v20.*[i256; 4] = int_to_ptr v4 *[i256; 4];
        v21.*i256 = gep v20 0.i256 2.i256;
        v22.i256 = ptr_to_int v21 i256;
        mstore v22 v19 i256;
        v24.i8 = trunc 4.i256 i8;
        v25.i256 = zext v24 i256;
        v26.*[i256; 4] = int_to_ptr v4 *[i256; 4];
        v27.*i256 = gep v26 0.i256 3.i256;
        v28.i256 = ptr_to_int v27 i256;
        mstore v28 v25 i256;
        return v4;
}

func public %__fe_sonatina_entry() {
    block0:
        v1.i256 = call %array_mut 0.i256;
        evm_stop;
}


object @Contract {
    section runtime {
        entry %__fe_sonatina_entry;
    }
}
