---
source: crates/codegen/tests/sonatina_ir.rs
assertion_line: 64
expression: output
input_file: crates/codegen/tests/fixtures/cast_u8_usize_cmp.fe
---
target = "evm-ethereum-osaka"

func private %cast_u8_usize_cmp(v0.*[i256; 8], v1.i256, v2.i256) -> i256 {
    block0:
        v4.*i256 = gep v0 0.i256 v1;
        v5.i256 = mload v4 i256;
        v6.i8 = trunc v5 i8;
        v7.i256 = zext v6 i256;
        v8.i1 = lt v2 v7;
        v9.i256 = zext v8 i256;
        v10.i1 = ne v9 0.i256;
        br v10 block1 block2;

    block1:
        return 1.i256;

    block2:
        v14.i1 = eq v2 v7;
        v15.i256 = zext v14 i256;
        v16.i1 = ne v15 0.i256;
        br v16 block3 block4;

    block3:
        return 2.i256;

    block4:
        v20.i1 = gt v2 v7;
        v21.i256 = zext v20 i256;
        v22.i1 = ne v21 0.i256;
        br v22 block5 block6;

    block5:
        return 3.i256;

    block6:
        return 0.i256;
}

func private %__fe_sonatina_entry() {
    block0:
        v1.*[i256; 8] = int_to_ptr 0.i256 *[i256; 8];
        v2.i256 = call %cast_u8_usize_cmp v1 0.i256 0.i256;
        evm_stop;
}


object @Contract {
    section runtime {
        entry %__fe_sonatina_entry;
    }
}
