---
source: crates/codegen/tests/sonatina_ir.rs
expression: output
input_file: crates/codegen/tests/fixtures/cast_u8_usize_cmp.fe
---
target = "evm-ethereum-osaka"

func private %cast_u8_usize_cmp(v0.i256, v1.i256, v2.i256) -> i256 {
    block0:
        v4.*[i256; 8] = int_to_ptr v0 *[i256; 8];
        v5.*i256 = gep v4 0.i256 v1;
        v6.i256 = mload v5 i256;
        v8.i256 = shr 248.i256 v6;
        v9.i8 = trunc v8 i8;
        v10.i256 = zext v9 i256;
        v11.i1 = lt v2 v10;
        v12.i256 = zext v11 i256;
        v13.i1 = ne v12 0.i256;
        br v13 block1 block2;

    block1:
        return 1.i256;

    block2:
        v17.i1 = eq v2 v10;
        v18.i256 = zext v17 i256;
        v19.i1 = ne v18 0.i256;
        br v19 block3 block4;

    block3:
        return 2.i256;

    block4:
        v23.i1 = gt v2 v10;
        v24.i256 = zext v23 i256;
        v25.i1 = ne v24 0.i256;
        br v25 block5 block6;

    block5:
        return 3.i256;

    block6:
        return 0.i256;
}

func private %__fe_sonatina_entry() {
    block0:
        v1.i256 = call %cast_u8_usize_cmp 0.i256 0.i256 0.i256;
        evm_stop;
}


object @Contract {
    section runtime {
        entry %__fe_sonatina_entry;
    }
}
