---
source: crates/codegen/tests/sonatina_ir.rs
expression: output
input_file: crates/codegen/tests/fixtures/cast_u8_usize_cmp.fe
---
target = "evm-ethereum-osaka"

func public %cast_u8_usize_cmp(v0.i256, v1.i256, v2.i256) -> i256 {
    block0:
        v4.*[i256; 8] = int_to_ptr v0 *[i256; 8];
        v5.*i256 = gep v4 0.i256 v1;
        v6.i256 = ptr_to_int v5 i256;
        v7.i256 = mload v6 i256;
        v8.i8 = trunc v7 i8;
        v9.i256 = zext v8 i256;
        v10.i1 = lt v2 v9;
        v11.i256 = zext v10 i256;
        v12.i1 = ne v11 0.i256;
        br v12 block1 block2;

    block1:
        return 1.i256;

    block2:
        v16.i1 = eq v2 v9;
        v17.i256 = zext v16 i256;
        v18.i1 = ne v17 0.i256;
        br v18 block3 block4;

    block3:
        return 2.i256;

    block4:
        v22.i1 = gt v2 v9;
        v23.i256 = zext v22 i256;
        v24.i1 = ne v23 0.i256;
        br v24 block5 block6;

    block5:
        return 3.i256;

    block6:
        return 0.i256;
}

func public %__fe_sonatina_entry() {
    block0:
        v1.i256 = call %cast_u8_usize_cmp 0.i256 0.i256 0.i256;
        evm_stop;
}


object @Contract {
    section runtime {
        entry %__fe_sonatina_entry;
    }
}
