---
source: crates/codegen/tests/sonatina_ir.rs
expression: output
input_file: crates/codegen/tests/fixtures/comparison_ops.fe
---
target = "evm-ethereum-osaka"

type @__fe_tuple_0 = {i256, i256, i256, i256, i256, i256};

func public %comparison_ops() -> i256 {
    block0:
        v5.*i8 = evm_malloc 192.i256;
        v6.i256 = ptr_to_int v5 i256;
        v7.i1 = eq 1.i256 1.i256;
        v8.i256 = zext v7 i256;
        v9.i1 = ne v8 0.i256;
        v10.i256 = zext v9 i256;
        v11.*@__fe_tuple_0 = int_to_ptr v6 *@__fe_tuple_0;
        v12.*i256 = gep v11 0.i256 0.i256;
        v13.i256 = ptr_to_int v12 i256;
        mstore v13 v10 i256;
        v14.i1 = eq 1.i256 2.i256;
        v15.i1 = is_zero v14;
        v16.i256 = zext v15 i256;
        v17.i1 = ne v16 0.i256;
        v18.i256 = zext v17 i256;
        v19.*@__fe_tuple_0 = int_to_ptr v6 *@__fe_tuple_0;
        v20.*i256 = gep v19 0.i256 1.i256;
        v21.i256 = ptr_to_int v20 i256;
        mstore v21 v18 i256;
        v22.i1 = lt 1.i256 2.i256;
        v23.i256 = zext v22 i256;
        v24.i1 = ne v23 0.i256;
        v25.i256 = zext v24 i256;
        v26.*@__fe_tuple_0 = int_to_ptr v6 *@__fe_tuple_0;
        v27.*i256 = gep v26 0.i256 2.i256;
        v28.i256 = ptr_to_int v27 i256;
        mstore v28 v25 i256;
        v29.i1 = gt 2.i256 2.i256;
        v30.i1 = is_zero v29;
        v31.i256 = zext v30 i256;
        v32.i1 = ne v31 0.i256;
        v33.i256 = zext v32 i256;
        v34.*@__fe_tuple_0 = int_to_ptr v6 *@__fe_tuple_0;
        v35.*i256 = gep v34 0.i256 3.i256;
        v36.i256 = ptr_to_int v35 i256;
        mstore v36 v33 i256;
        v37.i1 = gt 3.i256 2.i256;
        v38.i256 = zext v37 i256;
        v39.i1 = ne v38 0.i256;
        v40.i256 = zext v39 i256;
        v41.*@__fe_tuple_0 = int_to_ptr v6 *@__fe_tuple_0;
        v43.*i256 = gep v41 0.i256 4.i256;
        v44.i256 = ptr_to_int v43 i256;
        mstore v44 v40 i256;
        v45.i1 = lt 3.i256 3.i256;
        v46.i1 = is_zero v45;
        v47.i256 = zext v46 i256;
        v48.i1 = ne v47 0.i256;
        v49.i256 = zext v48 i256;
        v50.*@__fe_tuple_0 = int_to_ptr v6 *@__fe_tuple_0;
        v52.*i256 = gep v50 0.i256 5.i256;
        v53.i256 = ptr_to_int v52 i256;
        mstore v53 v49 i256;
        return v6;
}

func public %__fe_sonatina_entry() {
    block0:
        v0.i256 = call %comparison_ops;
        evm_stop;
}


object @Contract {
    section runtime {
        entry %__fe_sonatina_entry;
    }
}
