---
source: crates/codegen/tests/sonatina_ir.rs
expression: output
input_file: crates/codegen/tests/fixtures/const_array.fe
---
target = "evm-ethereum-osaka"

global private const [i8; 96] $__fe_const_data_0 = [0, 0, 0, 0, 0, 0, 0, 0, 0, 0, 0, 0, 0, 0, 0, 0, 0, 0, 0, 0, 0, 0, 0, 0, 0, 0, 0, 0, 0, 0, 0, 10, 0, 0, 0, 0, 0, 0, 0, 0, 0, 0, 0, 0, 0, 0, 0, 0, 0, 0, 0, 0, 0, 0, 0, 0, 0, 0, 0, 0, 0, 0, 0, 20, 0, 0, 0, 0, 0, 0, 0, 0, 0, 0, 0, 0, 0, 0, 0, 0, 0, 0, 0, 0, 0, 0, 0, 0, 0, 0, 0, 0, 0, 0, 0, 30];

func public %sum_two(v0.i256, v1.i256) -> i256 {
    block0:
        v3.i256 = sym_addr $__fe_const_data_0;
        v5.i256 = mul v0 32.i256;
        v6.i256 = add v3 v5;
        v7.*i8 = evm_malloc 32.i256;
        v8.i256 = ptr_to_int v7 i256;
        evm_code_copy v8 v6 32.i256;
        v9.i256 = mload v8 i256;
        v10.i256 = sym_addr $__fe_const_data_0;
        v11.i256 = mul v1 32.i256;
        v12.i256 = add v10 v11;
        v13.*i8 = evm_malloc 32.i256;
        v14.i256 = ptr_to_int v13 i256;
        evm_code_copy v14 v12 32.i256;
        v15.i256 = mload v14 i256;
        v16.i256 = add v9 v15;
        return v16;
}

func public %__fe_sonatina_entry() {
    block0:
        v1.i256 = call %sum_two 0.i256 0.i256;
        evm_stop;
}


object @Contract {
    section runtime {
        entry %__fe_sonatina_entry;
        data $__fe_const_data_0;
    }
}
