---
source: crates/codegen/tests/sonatina_ir.rs
expression: output
input_file: crates/codegen/tests/fixtures/const_nested_u8_array.fe
---
target = "evm-ethereum-osaka"

global private const [i8; 64] $__fe_const_data_0 = [1, 2, 0, 0, 0, 0, 0, 0, 0, 0, 0, 0, 0, 0, 0, 0, 0, 0, 0, 0, 0, 0, 0, 0, 0, 0, 0, 0, 0, 0, 0, 0, 3, 4, 0, 0, 0, 0, 0, 0, 0, 0, 0, 0, 0, 0, 0, 0, 0, 0, 0, 0, 0, 0, 0, 0, 0, 0, 0, 0, 0, 0, 0, 0];

func private %const_nested_u8_array() -> i256 {
    block0:
        v2.*i8 = evm_malloc 64.i256;
        v3.i256 = ptr_to_int v2 i256;
        v4.i256 = sym_addr $__fe_const_data_0;
        evm_code_copy v3 v4 64.i256;
        v6.i256 = add v3 32.i256;
        v7.*[i256; 2] = int_to_ptr v6 *[i256; 2];
        v8.*i256 = gep v7 0.i256 0.i256;
        v9.i256 = mload v8 i256;
        v11.i256 = shr 248.i256 v9;
        v12.i8 = trunc v11 i8;
        v13.i256 = zext v12 i256;
        return v13;
}

func private %__fe_sonatina_entry() {
    block0:
        v0.i256 = call %const_nested_u8_array;
        evm_stop;
}


object @Contract {
    section runtime {
        entry %__fe_sonatina_entry;
        data $__fe_const_data_0;
    }
}
