---
source: crates/codegen/tests/sonatina_ir.rs
assertion_line: 64
expression: output
input_file: crates/codegen/tests/fixtures/const_fn_packed_config.fe
---
target = "evm-ethereum-osaka"

type @__fe_tuple_0 = {i256, i256};

func private %token_params(v0.i256) -> *@__fe_tuple_0 {
    block0:
        v2.*@__fe_tuple_0 = int_to_ptr 0.i256 *@__fe_tuple_0;
        jump block5;

    block1:
        v4.*i8 = evm_malloc 64.i256;
        v5.*@__fe_tuple_0 = bitcast v4 *@__fe_tuple_0;
        v7.*i256 = gep v5 0.i256 0.i256;
        v8.i8 = trunc 18.i256 i8;
        v9.i256 = zext v8 i256;
        mstore v7 v9 i256;
        v12.*i256 = gep v5 0.i256 1.i256;
        v13.i16 = trunc 30.i256 i16;
        v14.i256 = zext v13 i256;
        mstore v12 v14 i256;
        jump block2;

    block2:
        v15.*@__fe_tuple_0 = phi (v5 block1) (v17 block3) (v27 block4);
        return v15;

    block3:
        v16.*i8 = evm_malloc 64.i256;
        v17.*@__fe_tuple_0 = bitcast v16 *@__fe_tuple_0;
        v19.*i256 = gep v17 0.i256 0.i256;
        v20.i8 = trunc 6.i256 i8;
        v21.i256 = zext v20 i256;
        mstore v19 v21 i256;
        v23.*i256 = gep v17 0.i256 1.i256;
        v24.i16 = trunc 5.i256 i16;
        v25.i256 = zext v24 i256;
        mstore v23 v25 i256;
        jump block2;

    block4:
        v26.*i8 = evm_malloc 64.i256;
        v27.*@__fe_tuple_0 = bitcast v26 *@__fe_tuple_0;
        v28.*i256 = gep v27 0.i256 0.i256;
        v29.i8 = trunc 18.i256 i8;
        v30.i256 = zext v29 i256;
        mstore v28 v30 i256;
        v31.*i256 = gep v27 0.i256 1.i256;
        v32.i16 = trunc 0.i256 i16;
        v33.i256 = zext v32 i256;
        mstore v31 v33 i256;
        jump block2;

    block5:
        br_table v0 block4 (0.i256 block1) (1.i256 block3);
}

func private %pack_config(v0.i256, v1.i256, v2.i256) -> i256 {
    block0:
        v4.i1 = ne v1 0.i256;
        br v4 block1 block2;

    block1:
        jump block3;

    block2:
        jump block3;

    block3:
        v6.i256 = phi (1.i256 block1) (0.i256 block2);
        v10.i256 = shl 24.i256 v6;
        v12.i256 = shl 16.i256 v0;
        v13.i256 = or v10 v12;
        v14.i256 = or v13 v2;
        return v14;
}

func private %packed_token_config(v0.i256, v1.i256) -> i256 {
    block0:
        v2.*@__fe_tuple_0 = call %token_params v0;
        v4.*i256 = gep v2 0.i256 0.i256;
        v5.i256 = mload v4 i256;
        v6.i8 = trunc v5 i8;
        v7.i256 = zext v6 i256;
        v9.*i256 = gep v2 0.i256 1.i256;
        v10.i256 = mload v9 i256;
        v11.i16 = trunc v10 i16;
        v12.i256 = zext v11 i256;
        v13.i256 = call %pack_config v7 v1 v12;
        return v13;
}

func private %main() -> i256 {
    block0:
        return 1179678.i256;
}

func private %__fe_sonatina_entry() {
    block0:
        v1.*@__fe_tuple_0 = call %token_params 0.i256;
        evm_stop;
}


object @Contract {
    section runtime {
        entry %__fe_sonatina_entry;
    }
}
