---
source: crates/codegen/tests/sonatina_ir.rs
expression: output
input_file: crates/codegen/tests/fixtures/explicit_raw_boundaries.fe
---
target = "evm-ethereum-osaka"

type @layout_0 = {i256};
type @layout_1 = {i256};

func private %bump(v0.i256) {
    block0:
        jump block1;

    block1:
        v3.i256 = mload v0 i256;
        (v4.i256, v5.i1) = uaddo v3 1.i256;
        br v5 block2 block3;

    block2:
        mstore 0.i256 35408467139433450592217433187231851964531694900788300625387963629091585785856.i256 i256;
        mstore 4.i256 17.i256 i256;
        evm_revert 0.i256 36.i256;

    block3:
        mstore v0 v4 i256;
        return;
}

func private %explicit_raw_boundaries() {
    block0:
        jump block1;

    block1:
        v1.@layout_1 = call %mem_ptr__g8840 256.i256;
        v2.i256 = call %raw__ge513 v1;
        call %bump v2;
        v5.@layout_0 = call %mem_ptr__g9700 288.i256;
        v6.i256 = call %core__lib__effect_ref__impl_trait_MemPtr_ec03__raw__g4a95_ce7a v5;
        call %raw_store__gc18b v6;
        return;
}

func private %core__lib__effect_ref__impl_trait_MemPtr_ec03__from_raw__g4a95_3d2c(v0.i256) -> @layout_0 {
    block0:
        jump block1;

    block1:
        v4.@layout_0 = insert_value undef.@layout_0 0.i256 v0;
        return v4;
}

func private %from_raw__ge513(v0.i256) -> @layout_1 {
    block0:
        jump block1;

    block1:
        v4.@layout_1 = insert_value undef.@layout_1 0.i256 v0;
        return v4;
}

func private %core__lib__effect_ref__impl_trait_MemPtr_ec03__from_raw__g4a95_bb43(v0.i256) -> @layout_0 {
    block0:
        jump block1;

    block1:
        v4.@layout_0 = insert_value undef.@layout_0 0.i256 v0;
        return v4;
}

func private %core__lib__effect_ref__impl_trait_MemPtr_ec03__from_raw__g4a95_bb43_0(v0.i256) -> @layout_0 {
    block0:
        jump block1;

    block1:
        v4.@layout_0 = insert_value undef.@layout_0 0.i256 v0;
        return v4;
}

func private %main_root() {
    block0:
        jump block1;

    block1:
        call %explicit_raw_boundaries;
        evm_stop;
}

func private %mem_ptr__g9700(v0.i256) -> @layout_0 {
    block0:
        jump block1;

    block1:
        v2.@layout_0 = call %core__lib__effect_ref__impl_trait_MemPtr_ec03__from_raw__g4a95_3d2c v0;
        return v2;
}

func private %mem_ptr__g8840(v0.i256) -> @layout_1 {
    block0:
        jump block1;

    block1:
        v2.@layout_1 = call %from_raw__ge513 v0;
        return v2;
}

func private %std__lib__evm__effects__impl_trait_Evm_d0d8__mstore_c9f4(v0.i256, v1.i256) {
    block0:
        jump block1;

    block1:
        mstore v0 v1 i256;
        return;
}

func private %std__lib__evm__effects__impl_trait_Evm_d0d8__mstore_c9f4_0(v0.i256, v1.i256) {
    block0:
        jump block1;

    block1:
        mstore v0 v1 i256;
        return;
}

func private %core__lib__effect_ref__impl_trait_MemPtr_ec03__raw__g4a95_0f88(v0.objref<@layout_0>) -> i256 {
    block0:
        jump block1;

    block1:
        v3.objref<i256> = obj.proj v0 0.i256;
        v4.i256 = obj.load v3;
        return v4;
}

func private %core__lib__effect_ref__impl_trait_MemPtr_ec03__raw__g4a95_0f88_0(v0.objref<@layout_0>) -> i256 {
    block0:
        jump block1;

    block1:
        v3.objref<i256> = obj.proj v0 0.i256;
        v4.i256 = obj.load v3;
        return v4;
}

func private %raw__ge513(v0.@layout_1) -> i256 {
    block0:
        jump block1;

    block1:
        v3.i256 = extract_value v0 0.i256;
        return v3;
}

func private %core__lib__effect_ref__impl_trait_MemPtr_ec03__raw__g4a95_ce7a(v0.@layout_0) -> i256 {
    block0:
        jump block1;

    block1:
        v3.i256 = extract_value v0 0.i256;
        return v3;
}

func private %raw_store__gc18b(v0.i256) {
    block0:
        jump block1;

    block1:
        v2.@layout_0 = call %core__lib__effect_ref__impl_trait_MemPtr_ec03__from_raw__g4a95_bb43_0 v0;
        v3.objref<@layout_0> = obj.alloc @layout_0;
        v5.objref<i256> = obj.proj v3 0.i256;
        v6.i256 = extract_value v2 0.i256;
        obj.store v5 v6;
        v7.i256 = call %core__lib__effect_ref__impl_trait_MemPtr_ec03__raw__g4a95_0f88_0 v3;
        call %std__lib__evm__effects__impl_trait_Evm_d0d8__mstore_c9f4_0 v7 8.i256;
        return;
}

func private %raw_store__g64c6(v0.i256) {
    block0:
        jump block1;

    block1:
        v2.@layout_0 = call %core__lib__effect_ref__impl_trait_MemPtr_ec03__from_raw__g4a95_bb43 v0;
        v3.objref<@layout_0> = obj.alloc @layout_0;
        v5.objref<i256> = obj.proj v3 0.i256;
        v6.i256 = extract_value v2 0.i256;
        obj.store v5 v6;
        v7.i256 = call %core__lib__effect_ref__impl_trait_MemPtr_ec03__raw__g4a95_0f88 v3;
        call %std__lib__evm__effects__impl_trait_Evm_d0d8__mstore_c9f4 v7 8.i256;
        return;
}


object @main {
    section main {
        entry %main_root;
    }
}
