---
source: crates/codegen/tests/sonatina_ir.rs
assertion_line: 64
expression: output
input_file: crates/codegen/tests/fixtures/full_contract.fe
---
target = "evm-ethereum-osaka"

type @__fe_Point_0 = {i256, i256};

func private %abi_encode__Evm_hef0af3106e109414__3af54274b2985741(v0.i256, v1.i256) {
    block0:
        mstore 0.i256 v0 i256;
        evm_return 0.i256 32.i256;
}

func private %init__StorPtr_Evm___207f35a85ac4062e() {
    block0:
        v1.i256 = sym_size &dispatch__StorPtr_Evm___207f35a85ac4062e;
        v2.i256 = sym_addr &dispatch__StorPtr_Evm___207f35a85ac4062e;
        evm_code_copy 0.i256 v2 v1;
        evm_return 0.i256 v1;
}

func private %dispatch__StorPtr_Evm___207f35a85ac4062e() {
    block0:
        v1.i256 = evm_calldata_load 0.i256;
        v3.i256 = shr 224.i256 v1;
        v5.i1 = eq v3 151146943.i256;
        v6.i256 = zext v5 i256;
        v7.i1 = ne v6 0.i256;
        br v7 block1 block2;

    block1:
        v9.i256 = evm_calldata_load 4.i256;
        v11.i256 = evm_calldata_load 36.i256;
        v13.*i8 = evm_malloc 64.i256;
        v14.*@__fe_Point_0 = bitcast v13 *@__fe_Point_0;
        v15.*i256 = gep v14 0.i256 0.i256;
        mstore v15 v9 i256;
        v17.*i256 = gep v14 0.i256 1.i256;
        mstore v17 v11 i256;
        v18.*i256 = gep v14 0.i256 0.i256;
        v19.i256 = mload v18 i256;
        v20.i256 = add v19 1.i256;
        v21.*i256 = gep v14 0.i256 0.i256;
        mstore v21 v20 i256;
        v22.*i256 = gep v14 0.i256 1.i256;
        v23.i256 = mload v22 i256;
        v25.i256 = add v23 2.i256;
        v26.*i256 = gep v14 0.i256 1.i256;
        mstore v26 v25 i256;
        v27.i256 = call %point_hac92469562809d28_area v14;
        call %abi_encode__Evm_hef0af3106e109414__3af54274b2985741 v27 0.i256;
        evm_invalid;

    block2:
        v30.i1 = eq v3 2066295049.i256;
        v31.i256 = zext v30 i256;
        v32.i1 = ne v31 0.i256;
        br v32 block3 block4;

    block3:
        v33.i256 = evm_calldata_load 4.i256;
        v35.i256 = add v33 3.i256;
        v36.i256 = call %square_h97afaa872b6ea17e_area v35;
        call %abi_encode__Evm_hef0af3106e109414__3af54274b2985741 v36 0.i256;
        evm_invalid;

    block4:
        evm_return 0.i256 0.i256;
}

func private %point_hac92469562809d28_area(v0.*@__fe_Point_0) -> i256 {
    block0:
        v2.*i256 = gep v0 0.i256 0.i256;
        v3.i256 = mload v2 i256;
        v5.*i256 = gep v0 0.i256 1.i256;
        v6.i256 = mload v5 i256;
        v7.i256 = mul v3 v6;
        return v7;
}

func private %square_h97afaa872b6ea17e_area(v0.i256) -> i256 {
    block0:
        v1.i256 = mul v0 v0;
        return v1;
}


object @ShapeDispatcher {
    section init {
        entry %init__StorPtr_Evm___207f35a85ac4062e;
        embed .runtime as &dispatch__StorPtr_Evm___207f35a85ac4062e;
    }
    section runtime {
        entry %dispatch__StorPtr_Evm___207f35a85ac4062e;
    }
}
