---
source: crates/codegen/tests/sonatina_ir.rs
assertion_line: 64
expression: output
input_file: crates/codegen/tests/fixtures/match_struct.fe
---
target = "evm-ethereum-osaka"

type @__fe_Point_0 = {i256, i256};

func private %match_struct_fields(v0.*@__fe_Point_0) -> i256 {
    block0:
        jump block6;

    block1:
        jump block2;

    block2:
        v2.i256 = phi (0.i256 block1) (v8 block3) (v13 block4) (v23 block5);
        return v2;

    block3:
        v5.*i256 = gep v0 0.i256 1.i256;
        v6.i256 = mload v5 i256;
        v7.i8 = trunc v6 i8;
        v8.i256 = zext v7 i256;
        jump block2;

    block4:
        v10.*i256 = gep v0 0.i256 0.i256;
        v11.i256 = mload v10 i256;
        v12.i8 = trunc v11 i8;
        v13.i256 = zext v12 i256;
        jump block2;

    block5:
        v15.*i256 = gep v0 0.i256 1.i256;
        v16.i256 = mload v15 i256;
        v17.i8 = trunc v16 i8;
        v18.i256 = zext v17 i256;
        v19.*i256 = gep v0 0.i256 0.i256;
        v20.i256 = mload v19 i256;
        v21.i8 = trunc v20 i8;
        v22.i256 = zext v21 i256;
        v23.i256 = add v22 v18;
        jump block2;

    block6:
        v25.*i256 = gep v0 0.i256 1.i256;
        v26.i256 = mload v25 i256;
        v27.i8 = trunc v26 i8;
        v28.i256 = zext v27 i256;
        br_table v28 block8 (0.i256 block7);

    block7:
        v30.*i256 = gep v0 0.i256 0.i256;
        v31.i256 = mload v30 i256;
        v32.i8 = trunc v31 i8;
        v33.i256 = zext v32 i256;
        br_table v33 block4 (0.i256 block1);

    block8:
        v35.*i256 = gep v0 0.i256 0.i256;
        v36.i256 = mload v35 i256;
        v37.i8 = trunc v36 i8;
        v38.i256 = zext v37 i256;
        br_table v38 block5 (0.i256 block3);
}

func private %match_struct_wildcard(v0.*@__fe_Point_0) -> i256 {
    block0:
        jump block5;

    block1:
        jump block2;

    block2:
        v3.i256 = phi (1.i256 block1) (2.i256 block3) (3.i256 block4);
        return v3;

    block3:
        jump block2;

    block4:
        jump block2;

    block5:
        v7.*i256 = gep v0 0.i256 0.i256;
        v8.i256 = mload v7 i256;
        v9.i8 = trunc v8 i8;
        v10.i256 = zext v9 i256;
        br_table v10 block6 (0.i256 block1);

    block6:
        v12.*i256 = gep v0 0.i256 1.i256;
        v13.i256 = mload v12 i256;
        v14.i8 = trunc v13 i8;
        v15.i256 = zext v14 i256;
        br_table v15 block4 (0.i256 block3);
}

func private %__fe_sonatina_entry() {
    block0:
        v1.*@__fe_Point_0 = int_to_ptr 0.i256 *@__fe_Point_0;
        v2.i256 = call %match_struct_fields v1;
        evm_stop;
}


object @Contract {
    section runtime {
        entry %__fe_sonatina_entry;
    }
}
