---
source: crates/codegen/tests/sonatina_ir.rs
assertion_line: 64
expression: output
input_file: crates/codegen/tests/fixtures/match_tuple_nested.fe
---
target = "evm-ethereum-osaka"

type @__fe_tuple_0 = {i256, i256};
type @__fe_tuple_1 = {@__fe_tuple_0, i256};
type @__fe_tuple_2 = {@__fe_tuple_1, i256};

func private %match_nested_tuple(v0.*@__fe_tuple_1) -> i256 {
    block0:
        jump block7;

    block1:
        jump block2;

    block2:
        v3.i256 = phi (7.i256 block1) (6.i256 block3) (5.i256 block4) (2.i256 block5) (1.i256 block6);
        return v3;

    block3:
        jump block2;

    block4:
        jump block2;

    block5:
        jump block2;

    block6:
        jump block2;

    block7:
        v9.*i256 = gep v0 0.i256 0.i256 0.i256;
        v10.i256 = mload v9 i256;
        v11.i1 = ne v10 0.i256;
        v12.i256 = zext v11 i256;
        br_table v12 block14 (1.i256 block8) (0.i256 block12);

    block8:
        v14.*i256 = gep v0 0.i256 0.i256 1.i256;
        v15.i256 = mload v14 i256;
        v16.i1 = ne v15 0.i256;
        v17.i256 = zext v16 i256;
        br_table v17 block11 (1.i256 block9) (0.i256 block4);

    block9:
        v19.*i256 = gep v0 0.i256 1.i256;
        v20.i256 = mload v19 i256;
        v21.i1 = ne v20 0.i256;
        v22.i256 = zext v21 i256;
        br_table v22 block10 (1.i256 block1) (0.i256 block3);

    block10:
        evm_invalid;

    block11:
        evm_invalid;

    block12:
        v24.*i256 = gep v0 0.i256 1.i256;
        v25.i256 = mload v24 i256;
        v26.i1 = ne v25 0.i256;
        v27.i256 = zext v26 i256;
        br_table v27 block13 (1.i256 block5) (0.i256 block6);

    block13:
        evm_invalid;

    block14:
        evm_invalid;
}

func private %match_deeply_nested(v0.*@__fe_tuple_2) -> i256 {
    block0:
        jump block5;

    block1:
        jump block2;

    block2:
        v3.i256 = phi (15.i256 block1) (8.i256 block3) (0.i256 block4);
        return v3;

    block3:
        jump block2;

    block4:
        jump block2;

    block5:
        v6.*i256 = gep v0 0.i256 0.i256 0.i256 0.i256;
        v7.i256 = mload v6 i256;
        v8.i1 = ne v7 0.i256;
        v9.i256 = zext v8 i256;
        br_table v9 block9 (1.i256 block6) (0.i256 block4);

    block6:
        v12.*i256 = gep v0 0.i256 1.i256;
        v13.i256 = mload v12 i256;
        v14.i1 = ne v13 0.i256;
        v15.i256 = zext v14 i256;
        br_table v15 block3 (1.i256 block7);

    block7:
        v17.*i256 = gep v0 0.i256 0.i256 1.i256;
        v18.i256 = mload v17 i256;
        v19.i1 = ne v18 0.i256;
        v20.i256 = zext v19 i256;
        br_table v20 block3 (1.i256 block8);

    block8:
        v22.*i256 = gep v0 0.i256 0.i256 0.i256 1.i256;
        v23.i256 = mload v22 i256;
        v24.i1 = ne v23 0.i256;
        v25.i256 = zext v24 i256;
        br_table v25 block3 (1.i256 block1);

    block9:
        evm_invalid;
}

func private %__fe_sonatina_entry() {
    block0:
        v1.*@__fe_tuple_1 = int_to_ptr 0.i256 *@__fe_tuple_1;
        v2.i256 = call %match_nested_tuple v1;
        evm_stop;
}


object @Contract {
    section runtime {
        entry %__fe_sonatina_entry;
    }
}
