---
source: crates/codegen/tests/sonatina_ir.rs
assertion_line: 64
expression: output
input_file: crates/codegen/tests/fixtures/match_nested_enum.fe
---
target = "evm-ethereum-osaka"

func public %match_nested_enum(v0.i256) -> i256 {
    block0:
        jump block5;

    block1:
        jump block2;

    block2:
        v3.i256 = phi (0.i256 block1) (v9 block3) (v15 block4);
        return v3;

    block3:
        v6.i256 = add v0 64.i256;
        v7.i256 = mload v6 i256;
        v8.i8 = trunc v7 i8;
        v9.i256 = zext v8 i256;
        jump block2;

    block4:
        v12.i256 = add v0 32.i256;
        v13.i256 = mload v12 i256;
        v14.i8 = trunc v13 i8;
        v15.i256 = zext v14 i256;
        jump block2;

    block5:
        v17.i256 = mload v0 i256;
        v19.i1 = eq v17 0.i256;
        br v19 block6 block9;

    block6:
        v22.i256 = add v0 32.i256;
        v23.i256 = mload v22 i256;
        v24.i1 = eq v23 0.i256;
        br v24 block1 block10;

    block7:
        evm_invalid;

    block8:
        evm_invalid;

    block9:
        v20.i1 = eq v17 1.i256;
        br v20 block4 block8;

    block10:
        v25.i1 = eq v23 1.i256;
        br v25 block3 block7;
}

func public %__fe_sonatina_entry() {
    block0:
        v1.i256 = call %match_nested_enum 0.i256;
        evm_stop;
}


object @Contract {
    section runtime {
        entry %__fe_sonatina_entry;
    }
}
