---
source: crates/codegen/tests/sonatina_ir.rs
expression: output
input_file: crates/codegen/tests/fixtures/method_infer_by_constraints.fe
---
target = "evm-ethereum-osaka"

type @layout_0 = {i64, i64};
type @layout_1 = {i64};

func private %call() -> @layout_0 {
    block0:
        jump block1;

    block1:
        v3.@layout_1 = insert_value undef.@layout_1 0.i256 10.i64;
        v5.@layout_1 = insert_value undef.@layout_1 0.i256 10.i64;
        v6.@layout_0 = call %foo v5;
        return v6;
}

func private %foo(v0.@layout_1) -> @layout_0 {
    block0:
        jump block1;

    block1:
        v3.i64 = extract_value v0 0.i256;
        v6.@layout_0 = insert_value undef.@layout_0 0.i256 v3;
        v8.@layout_0 = insert_value v6 1.i256 1.i64;
        return v8;
}

func private %main_root() {
    block0:
        jump block1;

    block1:
        v0.@layout_0 = call %call;
        evm_stop;
}


object @main {
    section main {
        entry %main_root;
    }
}
