---
source: crates/codegen/tests/sonatina_ir.rs
expression: output
input_file: crates/codegen/tests/fixtures/unit_method_call.fe
---
target = "evm-ethereum-osaka"

type @layout_0 = {i256};

func private %call_unit_method(v0.@layout_0) {
    block0:
        jump block1;

    block1:
        call %increment v0;
        return;
}

func private %increment(v0.@layout_0) {
    block0:
        jump block1;

    block1:
        return;
}

func private %main() {
    block0:
        jump block1;

    block1:
        v3.@layout_0 = insert_value undef.@layout_0 0.i256 1.i256;
        call %call_unit_method v3;
        return;
}

func private %main_root() {
    block0:
        jump block1;

    block1:
        call %main;
        evm_stop;
}


object @main {
    section main {
        entry %main_root;
    }
}
