---
source: crates/uitest/tests/ty.rs
expression: diags
input_file: fixtures/ty/def/recursive_type_projection.fe
---
error[3-0057]: recursive type grows without bound
   ┌─ recursive_type_projection.fe:16:12
   │
13 │     type Out = Hidden<[[T; 1]; 1]>
   │                ------------------- recursion occurs here
   ·
16 │ pub struct Hidden<T: Next> {
   │            ^^^^^^ recursive type definition here
17 │     value: T,
18 │     next: *T::Out,
   │           ------- recursion occurs here
   │
   = each pass through this recursion can grow a type argument, so the type can refer to infinitely many distinct types

error[3-0057]: recursive type grows without bound
   ┌─ recursive_type_projection.fe:47:12
   │
38 │     type Target = Node<[T; 1]>
   │                   ------------ recursion occurs here
   ·
47 │ pub struct Node<T> {
   │            ^^^^ recursive type definition here
48 │     value: T,
49 │     next: Link<T>,
   │           ------- recursion occurs here
   │
   = each pass through this recursion can grow a type argument, so the type can refer to infinitely many distinct types

error[3-0057]: recursive type grows without bound
   ┌─ recursive_type_projection.fe:56:10
   │
56 │     type Target = Option<Chain<[T; 1]>>
   │          ^^^^^^   --------------------- recursion occurs here
   │          │
   │          associated type definition here
   │
   = each pass through this recursion can grow a type argument, so the type can refer to infinitely many distinct types

error[3-0057]: recursive type grows without bound
    ┌─ recursive_type_projection.fe:96:12
    │
 96 │ pub struct Carried<T>
    │            ^^^^^^^ recursive type definition here
    ·
101 │     next: *<(T, Carried<[T; 1]>) as Second>::Out,
    │           -------------------------------------- recursion occurs here
    │
    = each pass through this recursion can grow a type argument, so the type can refer to infinitely many distinct types
