---
source: crates/fe/tests/differential_deposit.rs
expression: report
---
bytecode size
path         fe-O2        sol     sol-IR   fe vs sol-IR
-----------------------------------------------------------
init          2605       4819       3082  -477 (-15.5%)
runtime       2523       4445       2844  -321 (-11.3%)

deployment gas
path        fe-O2        sol     sol-IR    fe vs sol-IR
-----------------------------------------------------------
deploy    1299535    1738847    1379411  -79876 (-5.8%)

call gas
path                            fe-O2        sol     sol-IR    fe vs sol-IR
-------------------------------------------------------------------------------
supportsInterface(erc165)       21600      21603      21600      +0 (+0.0%)
supportsInterface(deposit)      21600      21641      21600      +0 (+0.0%)
supportsInterface(unknown)      21600      21641      21600      +0 (+0.0%)
get_deposit_root(empty)        103253     117558     109178   -5925 (-5.4%)
get_deposit_count(empty)        23601      24510      24099    -498 (-2.1%)
deposit#0                       79750      84626      81089   -1339 (-1.7%)
get_deposit_root(after#0)      103267     117570     109174   -5907 (-5.4%)
get_deposit_count(after#0)      23601      24510      24099    -498 (-2.1%)
deposit#1                       65134      70411      66629   -1495 (-2.2%)
get_deposit_root(after#1)      103267     117570     109174   -5907 (-5.4%)
get_deposit_count(after#1)      23601      24510      24099    -498 (-2.1%)
deposit#2                       45538      50414      46877   -1339 (-2.9%)
get_deposit_root(after#2)      103281     117582     109170   -5889 (-5.4%)
get_deposit_count(after#2)      23601      24510      24099    -498 (-2.1%)
TOTAL                          762694     838656     792487  -29793 (-3.8%)
