---
source: crates/language-server/src/functionality/goto.rs
assertion_line: 289
expression: snapshot
input_file: test_files/goto_trait_method.fe
---
0: struct Wrapper {}
1: 
2: trait Greeter {
3:     fn greet(self) -> u32
4: }
5: 
6: impl Greeter for Wrapper {
7:     fn greet(self) -> u32 { 1 }
8: }
9: 
10: fn main() {
11:     let w = Wrapper {}
12:     let a = w.greet()
13: }
14: 
---
cursor position (3, 13), path: goto_trait_method::Greeter
cursor position (6, 5), path: goto_trait_method::Greeter
cursor position (6, 17), path: goto_trait_method::Wrapper
cursor position (7, 13), path: goto_trait_method::Wrapper
cursor position (11, 12), path: goto_trait_method::Wrapper
