---
source: crates/language-server/tests/references_snap.rs
assertion_line: 128
expression: snapshot
---
0: struct Point {
1:     pub x: i32,
2:     pub y: i32
3: }
4: 
5: fn test() {
6:     let p = Point { x: 1, y: 2 }
7:     let val = p.x
8: }
9: 
---
cursor (6, 8): 2 refs -> goto_debug.fe: goto_debug::test::{fn_body} @ 6:8; goto_debug::test::{fn_body} @ 7:14
cursor (7, 8): 1 refs -> goto_debug.fe: goto_debug::test::{fn_body} @ 7:8
cursor (7, 14): 2 refs -> goto_debug.fe: goto_debug::test::{fn_body} @ 6:8; goto_debug::test::{fn_body} @ 7:14
cursor (7, 16): 1 refs -> goto_debug.fe: goto_debug::Point @ 1:8
