---
source: crates/language-server/tests/references_snap.rs
assertion_line: 128
expression: snapshot
---
0: struct Wrapper {}
1: 
2: trait Greeter {
3:     fn greet(self) -> u32
4: }
5: 
6: impl Greeter for Wrapper {
7:     fn greet(self) -> u32 { 1 }
8: }
9: 
10: fn main() {
11:     let w = Wrapper {}
12:     let a = w.greet()
13: }
14: 
---
cursor (11, 8): 2 refs -> goto_trait_method.fe: goto_trait_method::main::{fn_body} @ 11:8; goto_trait_method::main::{fn_body} @ 12:12
cursor (12, 8): 1 refs -> goto_trait_method.fe: goto_trait_method::main::{fn_body} @ 12:8
cursor (12, 12): 2 refs -> goto_trait_method.fe: goto_trait_method::main::{fn_body} @ 11:8; goto_trait_method::main::{fn_body} @ 12:12
