---
source: crates/semantic-query/tests/symbol_keys_snap.rs
expression: out
input_file: test_files/methods_call.snap
---
Symbol: local in methods_call::test
help: definitions + references
   ┌─ methods_call.fe:16:7
   │
16 │   let c = Container { value: 42 }
   │       ^
   │       │
   │       def: defined here @ 16:7 (2 refs)
   │       ref: 16:7
17 │   let r = c.get()
   │           ^ ref: 17:11



Symbol: local in methods_call::test
help: definitions + references
   ┌─ methods_call.fe:17:7
   │
17 │   let r = c.get()
   │       ^
   │       │
   │       def: defined here @ 17:7 (1 refs)
   │       ref: 17:7



Symbol: method get
help: definitions + references
   ┌─ methods_call.fe:12:10
   │
12 │   pub fn get(self) -> i32 { self.value }
   │          ^^^
   │          │
   │          def: defined here @ 12:10 (2 refs)
   │          ref: 12:10
   ·
17 │   let r = c.get()
   │             ^^^ ref: 17:13



Symbol: methods_call::Container
help: definitions + references
   ┌─ methods_call.fe:1:8
   │
 1 │ struct Container { value: i32 }
   │        ^^^^^^^^^
   │        │
   │        def: defined here @ 1:8 (6 refs)
   │        ref: 1:8
   ·
 7 │ impl ContainerTrait for Container {
   │                         ^^^^^^^^^ ref: 7:25
 8 │     fn get(self) -> i32 { self.value }
   │            ^^^^ ref: 8:12
   ·
11 │ impl Container {
   │      ^^^^^^^^^ ref: 11:6
12 │   pub fn get(self) -> i32 { self.value }
   │              ^^^^ ref: 12:14
   ·
16 │   let c = Container { value: 42 }
   │           ^^^^^^^^^ ref: 16:11



Symbol: methods_call::Container::value
help: definitions + references
   ┌─ methods_call.fe:1:20
   │
 1 │ struct Container { value: i32 }
   │                    ^^^^^
   │                    │
   │                    def: defined here @ 1:20 (3 refs)
   │                    ref: 1:20
   ·
 8 │     fn get(self) -> i32 { self.value }
   │                                ^^^^^ ref: 8:32
   ·
12 │   pub fn get(self) -> i32 { self.value }
   │                                  ^^^^^ ref: 12:34



Symbol: methods_call::ContainerTrait
help: definitions + references
  ┌─ methods_call.fe:3:7
  │
3 │ trait ContainerTrait {
  │       ^^^^^^^^^^^^^^
  │       │
  │       def: defined here @ 3:7 (3 refs)
  │       ref: 3:7
4 │     fn get(self) -> i32
  │            ^^^^ ref: 4:12
  ·
7 │ impl ContainerTrait for Container {
  │      ^^^^^^^^^^^^^^ ref: 7:6



Symbol: param#0 of 
help: definitions + references
   ┌─ methods_call.fe:12:14
   │
12 │   pub fn get(self) -> i32 { self.value }
   │              ^^^^           ^^^^ ref: 12:29
   │              │               
   │              def: defined here @ 12:14 (2 refs)
   │              ref: 12:14



Symbol: param#0 of 
help: definitions + references
  ┌─ methods_call.fe:8:12
  │
8 │     fn get(self) -> i32 { self.value }
  │            ^^^^           ^^^^ ref: 8:27
  │            │               
  │            def: defined here @ 8:12 (2 refs)
  │            ref: 8:12
