---
source: crates/uitest/tests/ty_check.rs
expression: diags
input_file: fixtures/ty_check/error_unsupported_field_type.fe
---
error[16-0004]: unsupported ABI field type
  ┌─ error_unsupported_field_type.fe:5:12
  │
5 │     value: StorageMap<Address, u256, 0>,
  │            ^^^^^^^^^^^^^^^^^^^^^^^^^^^^ `StorageMap<Address, u256, 0>` does not satisfy `AbiSize`, `Encode<Sol>`
  │
  = custom error fields must implement `AbiSize` and `Encode<Sol>`
