---
source: crates/uitest/tests/ty_check.rs
expression: diags
input_file: fixtures/ty_check/normalization_limit_proofs.fe
---
error[3-0058]: type normalization limit exceeded
   ┌─ normalization_limit_proofs.fe:58:7
   │
58 │     w.go()
   │       ^^ resolving the associated types here needs more than 64 nested steps

error[3-0058]: type normalization limit exceeded
   ┌─ normalization_limit_proofs.fe:73:5
   │
73 │     need<W<N<N<N<N<N<N<N<N<N<N<N<N<N<N<N<N<N<N<N<N<N<N<N<N<N<N<N<N<N<N<N<N<N<N<N<N<N<N<N<N<N<N<N<N<N<N<N<N<N<N<N<N<N<N<N<N<N<N<N<N<N<N<N<N<N<N<N<N<N<N<u8>>>>>>>>>>>>>>>>>>>>>>>>>>>>>>>>>>>>>>>>>>>>>>>>>>>>>>>>>>>>>>>>>>>>>>>>()
   │     ^^^^^^^^^^^^^^^^^^^^^^^^^^^^^^^^^^^^^^^^^^^^^^^^^^^^^^^^^^^^^^^^^^^^^^^^^^^^^^^^^^^^^^^^^^^^^^^^^^^^^^^^^^^^^^^^^^^^^^^^^^^^^^^^^^^^^^^^^^^^^^^^^^^^^^^^^^^^^^^^^^^^^^^^^^^^^^^^^^^^^^^^^^^^^^^^^^^^^^^^^^^^^^^^^^^^^^^^^^^^^ resolving the associated types here needs more than 64 nested steps

error[8-0026]: multiple trait candidates found
   ┌─ normalization_limit_proofs.fe:54:7
   │
54 │     w.go()
   │       ^^
   │       │
   │       `go` is ambiguous
   │       candidate: `A::go`
   │       candidate: `B::go`
