---
source: crates/uitest/tests/ty_check.rs
expression: diags
input_file: fixtures/ty_check/normalization_limit_cycles.fe
---
error[3-0038]: cycle detected while resolving this type
   ┌─ normalization_limit_cycles.fe:19:14
   │
19 │ fn itself(x: <A as Tr>::Out) {}
   │              ^^^^^^^^^^^^^^ this type's definition depends on itself

error[3-0038]: cycle detected while resolving this type
   ┌─ normalization_limit_cycles.fe:33:20
   │
33 │ fn each_other(_ x: <A as Tr2>::Out) {}
   │                    ^^^^^^^^^^^^^^^ this type's definition depends on itself

error[3-0038]: cycle detected while resolving this type
   ┌─ normalization_limit_cycles.fe:72:5
   │
72 │     take<(<Big<L13> as Tr3>::Out, <Small as Tr3>::Out)>()
   │     ^^^^^^^^^^^^^^^^^^^^^^^^^^^^^^^^^^^^^^^^^^^^^^^^^^^ this type's definition depends on itself

error[3-0038]: cycle detected while resolving this type
   ┌─ normalization_limit_cycles.fe:76:5
   │
76 │     take<(<Small as Tr3>::Out, <Big<L13> as Tr3>::Out)>()
   │     ^^^^^^^^^^^^^^^^^^^^^^^^^^^^^^^^^^^^^^^^^^^^^^^^^^^ this type's definition depends on itself

error[3-0038]: cycle detected while resolving this type
   ┌─ normalization_limit_cycles.fe:90:16
   │
90 │     type Out = Self::Out
   │                ^^^^^^^^^ this type's definition depends on itself

error[3-0038]: cycle detected while resolving this type
   ┌─ normalization_limit_cycles.fe:93:19
   │
93 │ fn qualified(_ x: <A as Tr4>::Out) {}
   │                   ^^^^^^^^^^^^^^^ this type's definition depends on itself
