---
source: crates/uitest/tests/ty_check.rs
expression: diags
input_file: fixtures/ty_check/normalization_cache_order.fe
---
error[3-0058]: type normalization limit exceeded
   ┌─ normalization_cache_order.fe:21:18
   │
21 │ fn deep_first(x: (<N<N<N<N<N<N<N<N<N<N<N<N<N<N<N<N<N<N<N<N<N<N<N<N<N<N<N<N<N<N<N<N<N<N<N<N<N<N<N<N<N<N<N<N<N<N<N<N<N<N<N<N<N<N<N<N<N<N<N<N<N<N<N<N<N<N<N<N<N<N<u8>>>>>>>>>>>>>>>>>>>>>>>>>>>>>>>>>>>>>>>>>>>>>>>>>>>>>>>>>>>>>>>>>>>>>> as Nest>::Out, <N<N<N<N<N<N<N<N<N<N<N<N<N<N<N<N<N<N<N<N<N<N<N<N<N<N<N<N<N<N<N<N<N<N<N<N<N<N<N<N<u8>>>>>>>>>>>>>>>>>>>>>>>>>>>>>>>>>>>>>>>> as Nest>::Out)) {}
   │                  ^^^^^^^^^^^^^^^^^^^^^^^^^^^^^^^^^^^^^^^^^^^^^^^^^^^^^^^^^^^^^^^^^^^^^^^^^^^^^^^^^^^^^^^^^^^^^^^^^^^^^^^^^^^^^^^^^^^^^^^^^^^^^^^^^^^^^^^^^^^^^^^^^^^^^^^^^^^^^^^^^^^^^^^^^^^^^^^^^^^^^^^^^^^^^^^^^^^^^^^^^^^^^^^^^^^^^^^^^^^^^^^^^^^^^^^^^^^^^^^^^^^^^^^^^^^^^^^^^^^^^^^^^^^^^^^^^^^^^^^^^^^^^^^^^^^^^^^^^^^^^^^^^^^^^^^^^^^^^^^^^^^^^^^^^^^^^^^^^^^^^^^^^^^^^^^^^^^^^^^^^^^^^^^^ resolving the associated types here needs more than 64 nested steps

error[3-0058]: type normalization limit exceeded
   ┌─ normalization_cache_order.fe:23:21
   │
23 │ fn shallow_first(x: (<N<N<N<N<N<N<N<N<N<N<N<N<N<N<N<N<N<N<N<N<N<N<N<N<N<N<N<N<N<N<N<N<N<N<N<N<N<N<N<N<u8>>>>>>>>>>>>>>>>>>>>>>>>>>>>>>>>>>>>>>>> as Nest>::Out, <N<N<N<N<N<N<N<N<N<N<N<N<N<N<N<N<N<N<N<N<N<N<N<N<N<N<N<N<N<N<N<N<N<N<N<N<N<N<N<N<N<N<N<N<N<N<N<N<N<N<N<N<N<N<N<N<N<N<N<N<N<N<N<N<N<N<N<N<N<N<u8>>>>>>>>>>>>>>>>>>>>>>>>>>>>>>>>>>>>>>>>>>>>>>>>>>>>>>>>>>>>>>>>>>>>>> as Nest>::Out)) {}
   │                     ^^^^^^^^^^^^^^^^^^^^^^^^^^^^^^^^^^^^^^^^^^^^^^^^^^^^^^^^^^^^^^^^^^^^^^^^^^^^^^^^^^^^^^^^^^^^^^^^^^^^^^^^^^^^^^^^^^^^^^^^^^^^^^^^^^^^^^^^^^^^^^^^^^^^^^^^^^^^^^^^^^^^^^^^^^^^^^^^^^^^^^^^^^^^^^^^^^^^^^^^^^^^^^^^^^^^^^^^^^^^^^^^^^^^^^^^^^^^^^^^^^^^^^^^^^^^^^^^^^^^^^^^^^^^^^^^^^^^^^^^^^^^^^^^^^^^^^^^^^^^^^^^^^^^^^^^^^^^^^^^^^^^^^^^^^^^^^^^^^^^^^^^^^^^^^^^^^^^^^^^^^^^^^^^ resolving the associated types here needs more than 64 nested steps
