---
source: crates/uitest/tests/ty_check.rs
expression: diags
input_file: fixtures/ty_check/normalization_limit_uses.fe
---
error[3-0058]: type normalization limit exceeded
   ┌─ normalization_limit_uses.fe:44:5
   │
44 │     take<N<N<N<N<N<N<N<N<N<N<N<N<N<N<N<N<N<N<N<N<N<N<N<N<N<N<N<N<N<N<N<N<N<N<N<N<N<N<N<N<N<N<N<N<N<N<N<N<N<N<N<N<N<N<N<N<N<N<N<N<N<N<N<N<N<u8>>>>>>>>>>>>>>>>>>>>>>>>>>>>>>>>>>>>>>>>>>>>>>>>>>>>>>>>>>>>>>>>>>(1)
   │     ^^^^^^^^^^^^^^^^^^^^^^^^^^^^^^^^^^^^^^^^^^^^^^^^^^^^^^^^^^^^^^^^^^^^^^^^^^^^^^^^^^^^^^^^^^^^^^^^^^^^^^^^^^^^^^^^^^^^^^^^^^^^^^^^^^^^^^^^^^^^^^^^^^^^^^^^^^^^^^^^^^^^^^^^^^^^^^^^^^^^^^^^^^^^^^^^^^^^^^^^^^^^^^ resolving the associated types here needs more than 64 nested steps

error[3-0058]: type normalization limit exceeded
   ┌─ normalization_limit_uses.fe:48:5
   │
48 │     bounded<N<N<N<N<N<N<N<N<N<N<N<N<N<N<N<N<N<N<N<N<N<N<N<N<N<N<N<N<N<N<N<N<N<N<N<N<N<N<N<N<N<N<N<N<N<N<N<N<N<N<N<N<N<N<N<N<N<N<N<N<N<N<N<N<N<u8>>>>>>>>>>>>>>>>>>>>>>>>>>>>>>>>>>>>>>>>>>>>>>>>>>>>>>>>>>>>>>>>>>()
   │     ^^^^^^^^^^^^^^^^^^^^^^^^^^^^^^^^^^^^^^^^^^^^^^^^^^^^^^^^^^^^^^^^^^^^^^^^^^^^^^^^^^^^^^^^^^^^^^^^^^^^^^^^^^^^^^^^^^^^^^^^^^^^^^^^^^^^^^^^^^^^^^^^^^^^^^^^^^^^^^^^^^^^^^^^^^^^^^^^^^^^^^^^^^^^^^^^^^^^^^^^^^^^^^^^ resolving the associated types here needs more than 64 nested steps

error[3-0058]: type normalization limit exceeded
   ┌─ normalization_limit_uses.fe:52:13
   │
52 │     let _ = S<N<N<N<N<N<N<N<N<N<N<N<N<N<N<N<N<N<N<N<N<N<N<N<N<N<N<N<N<N<N<N<N<N<N<N<N<N<N<N<N<N<N<N<N<N<N<N<N<N<N<N<N<N<N<N<N<N<N<N<N<N<N<N<N<N<u8>>>>>>>>>>>>>>>>>>>>>>>>>>>>>>>>>>>>>>>>>>>>>>>>>>>>>>>>>>>>>>>>>> { f: 1 }
   │             ^^^^^^^^^^^^^^^^^^^^^^^^^^^^^^^^^^^^^^^^^^^^^^^^^^^^^^^^^^^^^^^^^^^^^^^^^^^^^^^^^^^^^^^^^^^^^^^^^^^^^^^^^^^^^^^^^^^^^^^^^^^^^^^^^^^^^^^^^^^^^^^^^^^^^^^^^^^^^^^^^^^^^^^^^^^^^^^^^^^^^^^^^^^^^^^^^^^^^^^^^^^^^^^^^ resolving the associated types here needs more than 64 nested steps

error[3-0058]: type normalization limit exceeded
   ┌─ normalization_limit_uses.fe:57:5
   │
57 │     h.take<N<N<N<N<N<N<N<N<N<N<N<N<N<N<N<N<N<N<N<N<N<N<N<N<N<N<N<N<N<N<N<N<N<N<N<N<N<N<N<N<N<N<N<N<N<N<N<N<N<N<N<N<N<N<N<N<N<N<N<N<N<N<N<N<N<u8>>>>>>>>>>>>>>>>>>>>>>>>>>>>>>>>>>>>>>>>>>>>>>>>>>>>>>>>>>>>>>>>>>(1)
   │     ^^^^^^^^^^^^^^^^^^^^^^^^^^^^^^^^^^^^^^^^^^^^^^^^^^^^^^^^^^^^^^^^^^^^^^^^^^^^^^^^^^^^^^^^^^^^^^^^^^^^^^^^^^^^^^^^^^^^^^^^^^^^^^^^^^^^^^^^^^^^^^^^^^^^^^^^^^^^^^^^^^^^^^^^^^^^^^^^^^^^^^^^^^^^^^^^^^^^^^^^^^^^^^^^ resolving the associated types here needs more than 64 nested steps

error[3-0058]: type normalization limit exceeded
   ┌─ normalization_limit_uses.fe:83:17
   │
83 │ fn ignored(_ x: <K as Keep<<W<u8> as Tr>::Out>>::Out) {}
   │                 ^^^^^^^^^^^^^^^^^^^^^^^^^^^^^^^^^^^^ resolving the associated types here needs more than 65,536 type nodes of work

error[3-0058]: type normalization limit exceeded
    ┌─ normalization_limit_uses.fe:100:16
    │
100 │     mut value: P<N<N<N<N<N<N<N<N<N<N<N<N<N<N<N<N<N<N<N<N<N<N<N<N<N<N<N<N<N<N<N<N<N<N<N<N<N<N<N<N<N<N<N<N<N<N<N<N<N<N<N<N<N<N<N<N<N<N<N<N<N<N<N<N<N<u8>>>>>>>>>>>>>>>>>>>>>>>>>>>>>>>>>>>>>>>>>>>>>>>>>>>>>>>>>>>>>>>>>>,
    │                ^^^^^^^^^^^^^^^^^^^^^^^^^^^^^^^^^^^^^^^^^^^^^^^^^^^^^^^^^^^^^^^^^^^^^^^^^^^^^^^^^^^^^^^^^^^^^^^^^^^^^^^^^^^^^^^^^^^^^^^^^^^^^^^^^^^^^^^^^^^^^^^^^^^^^^^^^^^^^^^^^^^^^^^^^^^^^^^^^^^^^^^^^^^^^^^^^^^^^^^^ resolving the associated types here needs more than 64 nested steps

error[3-0058]: type normalization limit exceeded
    ┌─ normalization_limit_uses.fe:104:21
    │
104 │ fn keyed() uses (x: <W<u8> as Tr>::Out) {}
    │                     ^^^^^^^^^^^^^^^^^^ resolving the associated types here needs more than 65,536 type nodes of work

error[3-0058]: type normalization limit exceeded
    ┌─ normalization_limit_uses.fe:106:25
    │
106 │ contract Keyed uses (y: <W<u8> as Tr>::Out) {
    │                         ^^^^^^^^^^^^^^^^^^ resolving the associated types here needs more than 65,536 type nodes of work
