---
source: crates/uitest/tests/ty_check.rs
expression: diags
input_file: fixtures/ty_check/normalization_no_matching_trait_arguments.fe
---
error[6-0003]: trait bound is not satisfied
   ┌─ normalization_no_matching_trait_arguments.fe:10:17
   │
10 │ fn roundtrip(x: <W<N<N<N<N<N<N<N<N<N<N<N<N<N<N<N<N<N<N<N<N<N<N<N<N<N<N<N<N<N<N<N<N<N<N<N<N<N<N<N<N<N<N<N<N<N<N<N<N<N<N<N<N<N<N<N<N<N<N<N<N<N<N<N<N<N<N<N<N<N<N<u8>>>>>>>>>>>>>>>>>>>>>>>>>>>>>>>>>>>>>>>>>>>>>>>>>>>>>>>>>>>>>>>>>>>>>>> as Tr<bool>>::Out) -> bool { x }
   │                 ^^^^^^^^^^^^^^^^^^^^^^^^^^^^^^^^^^^^^^^^^^^^^^^^^^^^^^^^^^^^^^^^^^^^^^^^^^^^^^^^^^^^^^^^^^^^^^^^^^^^^^^^^^^^^^^^^^^^^^^^^^^^^^^^^^^^^^^^^^^^^^^^^^^^^^^^^^^^^^^^^^^^^^^^^^^^^^^^^^^^^^^^^^^^^^^^^^^^^^^^^^^^^^^^^^^^^^^^^^^^^^^^^^^^^^^^^^ `W<N<N<N<N<N<N<N<N<N<N<N<N<N<N<N<N<N<N<N<N<N<N<N<N<N<N<N<N<N<N<N<N<N<N<N<N<N<N<N<N<N<N<N<N<N<N<N<N<N<N<N<N<N<N<N<N<N<N<N<N<N<N<N<N<N<N<N<N<N<N<u8>>>>>>>>>>>>>>>>>>>>>>>>>>>>>>>>>>>>>>>>>>>>>>>>>>>>>>>>>>>>>>>>>>>>>>>` doesn't implement `Tr<bool>`

error[8-0000]: type mismatch
   ┌─ normalization_no_matching_trait_arguments.fe:10:263
   │
10 │ fn roundtrip(x: <W<N<N<N<N<N<N<N<N<N<N<N<N<N<N<N<N<N<N<N<N<N<N<N<N<N<N<N<N<N<N<N<N<N<N<N<N<N<N<N<N<N<N<N<N<N<N<N<N<N<N<N<N<N<N<N<N<N<N<N<N<N<N<N<N<N<N<N<N<N<N<u8>>>>>>>>>>>>>>>>>>>>>>>>>>>>>>>>>>>>>>>>>>>>>>>>>>>>>>>>>>>>>>>>>>>>>>> as Tr<bool>>::Out) -> bool { x }
   │                                                                                                                                                                                                                                                                       ^ expected `bool`, but `W<N<N<N<N<N<N<N<N<N<N<N<N<N<N<N<N<N<N<N<N<N<N<N<N<N<N<N<N<N<N<N<N<N<N<N<N<N<N<N<N<N<N<N<N<N<N<N<N<N<N<N<N<N<N<N<N<N<N<N<N<N<N<N<N<N<N<N<N<N<N<u8>>>>>>>>>>>>>>>>>>>>>>>>>>>>>>>>>>>>>>>>>>>>>>>>>>>>>>>>>>>>>>>>>>>>>>>::Out` is given
