---
source: crates/semantic-query/tests/goto_snap.rs
assertion_line: 130
expression: snapshot
input_file: test_files/goto/fields.fe
---
0: struct Point { x: i32, y: i32 }
1: 
2: fn main() {
3:   let p = Point { x: 1, y: 2 }
4:   let a = p.x
5:   let b = p.y
6: }
7: 
---
cursor position (0, 18), 0 defs -> i32
cursor position (0, 26), 0 defs -> i32
cursor position (3, 6), 1 defs -> 
cursor position (3, 10), 1 defs -> fields::Point
cursor position (4, 6), 1 defs -> 
cursor position (4, 10), 1 defs -> 
cursor position (4, 12), 1 defs -> 
cursor position (5, 6), 1 defs -> 
cursor position (5, 10), 1 defs -> 
cursor position (5, 12), 1 defs ->
