---
source: crates/semantic-query/tests/goto_snap.rs
assertion_line: 130
expression: snapshot
input_file: test_files/goto/locals.fe
---
0: fn test_locals(x: i32, y: i32) -> i32 {
1:   let a = x
2:   let x = a + y
3:   x
4: }
5: 
---
cursor position (0, 18), 0 defs -> i32
cursor position (0, 26), 0 defs -> i32
cursor position (0, 34), 0 defs -> i32
cursor position (1, 6), 1 defs -> 
cursor position (1, 10), 1 defs -> locals::test_locals::x
cursor position (2, 6), 1 defs -> locals::test_locals::x
cursor position (2, 10), 1 defs -> 
cursor position (2, 14), 1 defs -> locals::test_locals::y
cursor position (3, 2), 1 defs -> locals::test_locals::x
