---
source: crates/semantic-query/tests/goto_snap.rs
assertion_line: 130
expression: snapshot
input_file: test_files/goto/methods_call.fe
---
0: struct Container { value: i32 }
1: 
2: impl Container {
3:   pub fn get(self) -> i32 { self.value }
4: }
5: 
6: fn test() {
7:   let c = Container { value: 42 }
8:   let r = c.get()
9: }
10: 
---
cursor position (0, 26), 0 defs -> i32
cursor position (2, 5), 1 defs -> methods_call::Container
cursor position (3, 22), 0 defs -> i32
cursor position (3, 28), 1 defs -> <unknown>
cursor position (3, 33), 1 defs -> 
cursor position (7, 6), 1 defs -> 
cursor position (7, 10), 1 defs -> methods_call::Container
cursor position (8, 6), 1 defs -> 
cursor position (8, 10), 1 defs ->
