---
source: crates/semantic-query/tests/goto_snap.rs
assertion_line: 130
expression: snapshot
input_file: test_files/goto/pattern_labels.fe
---
0: enum Color {
1:   Red,
2:   Green { intensity: i32 },
3:   Blue,
4: }
5: 
6: struct Point { x: i32, y: i32 }
7: 
8: fn test(p: Point, c: Color) -> i32 {
9:   let Point { x, y } = p
10:   match c {
11:     Color::Green { intensity } => intensity
12:     _ => 0
13:   }
14: }
---
cursor position (2, 21), 0 defs -> i32
cursor position (6, 18), 0 defs -> i32
cursor position (6, 26), 0 defs -> i32
cursor position (8, 11), 1 defs -> pattern_labels::Point
cursor position (8, 21), 1 defs -> pattern_labels::Color
cursor position (8, 31), 0 defs -> i32
cursor position (9, 6), 1 defs -> pattern_labels::Point
cursor position (9, 14), 1 defs -> 
cursor position (9, 17), 1 defs -> 
cursor position (9, 23), 1 defs -> pattern_labels::test::p
cursor position (10, 8), 1 defs -> pattern_labels::test::c
cursor position (11, 4), 1 defs -> pattern_labels::Color
cursor position (11, 11), 1 defs -> pattern_labels::Color::Green
cursor position (11, 19), 1 defs -> 
cursor position (11, 34), 1 defs ->
