---
source: crates/semantic-query/tests/refs_snap.rs
assertion_line: 123
expression: snapshot
---
0: struct Wrapper {}
1: 
2: impl Wrapper {
3:   pub fn new() -> Wrapper { Wrapper {} }
4:   pub fn from_val() -> Wrapper { Wrapper::new() }
5: }
6: 
7: fn main() {
8:   let w1 = Wrapper::new()
9:   let w2 = Wrapper::from_val()
10: }
11: 
---
cursor (4, 33): 8 refs -> methods_ufcs.fe: 2:5; 3:18; 3:28; 4:23; 4:33; methods_ufcs::Wrapper @ 0:7; methods_ufcs::main::{fn_body} @ 8:11; methods_ufcs::main::{fn_body} @ 9:11
cursor (4, 42): 3 refs -> methods_ufcs.fe: 3:9; 4:42; methods_ufcs::main::{fn_body} @ 8:20
cursor (8, 6): 1 refs -> methods_ufcs.fe: methods_ufcs::main::{fn_body} @ 8:6
cursor (8, 11): 8 refs -> methods_ufcs.fe: 2:5; 3:18; 3:28; 4:23; 4:33; methods_ufcs::Wrapper @ 0:7; methods_ufcs::main::{fn_body} @ 8:11; methods_ufcs::main::{fn_body} @ 9:11
cursor (8, 20): 3 refs -> methods_ufcs.fe: 3:9; 4:42; methods_ufcs::main::{fn_body} @ 8:20
cursor (9, 6): 1 refs -> methods_ufcs.fe: methods_ufcs::main::{fn_body} @ 9:6
cursor (9, 11): 8 refs -> methods_ufcs.fe: 2:5; 3:18; 3:28; 4:23; 4:33; methods_ufcs::Wrapper @ 0:7; methods_ufcs::main::{fn_body} @ 8:11; methods_ufcs::main::{fn_body} @ 9:11
cursor (9, 20): 2 refs -> methods_ufcs.fe: 4:9; methods_ufcs::main::{fn_body} @ 9:20
