---
source: crates/semantic-query/tests/refs_snap.rs
assertion_line: 123
expression: snapshot
---
0: mod root {
1:     pub mod sub {
2:         pub struct Name {}
3:         pub struct Alt {}
4:     }
5: }
6: 
7: use root::sub::Name as N
8: use root::sub::*
9: 
10: fn f() {
11:   let _a: N
12:   let _b: Name
13:   let _c: sub::Name
14:   let _d: Alt
15: }
---
cursor (11, 6): 1 refs -> use_alias_and_glob.fe: use_alias_and_glob::f::{fn_body} @ 11:6
cursor (12, 6): 1 refs -> use_alias_and_glob.fe: use_alias_and_glob::f::{fn_body} @ 12:6
cursor (13, 6): 1 refs -> use_alias_and_glob.fe: use_alias_and_glob::f::{fn_body} @ 13:6
cursor (14, 6): 1 refs -> use_alias_and_glob.fe: use_alias_and_glob::f::{fn_body} @ 14:6
