---
source: crates/semantic-query/tests/goto_snap.rs
assertion_line: 130
expression: snapshot
input_file: test_files/goto/use_alias_and_glob.fe
---
0: mod root {
1:     pub mod sub {
2:         pub struct Name {}
3:         pub struct Alt {}
4:     }
5: }
6: 
7: use root::sub::Name as N
8: use root::sub::*
9: 
10: fn f() {
11:   let _a: N
12:   let _b: Name
13:   let _c: sub::Name
14:   let _d: Alt
15: }
---
cursor position (11, 6), 1 defs -> 
cursor position (11, 10), 1 defs -> use_alias_and_glob::root::sub::Name
cursor position (12, 6), 1 defs -> 
cursor position (12, 10), 1 defs -> use_alias_and_glob::root::sub::Name
cursor position (13, 6), 1 defs -> 
cursor position (14, 6), 1 defs -> 
cursor position (14, 10), 1 defs -> use_alias_and_glob::root::sub::Alt
