---
source: crates/fe/tests/cli_output.rs
assertion_line: 173
expression: output
input_file: tests/fixtures/fe_test_runner/checked_arithmetic_reverts.fe
---
=== STDOUT ===
test test_add_overflow_u8 ... FAILED
test test_aug_assign_overflow_u8 ... FAILED
test test_div_by_zero_u8 ... FAILED
test test_rem_by_zero_u8 ... FAILED
test test_pow_overflow_u8 ... FAILED
test test_neg_overflow_i8 ... FAILED
test test_div_overflow_i8 ... FAILED
test test_pow_negative_exp_i8 ... FAILED

test result: FAILED. 0 passed; 8 failed

failures:
    test_add_overflow_u8
    test_aug_assign_overflow_u8
    test_div_by_zero_u8
    test_rem_by_zero_u8
    test_pow_overflow_u8
    test_neg_overflow_i8
    test_div_overflow_i8
    test_pow_negative_exp_i8

=== STDERR ===
    Test reverted: 0x
    Test reverted: 0x
    Test reverted: 0x
    Test reverted: 0x
    Test reverted: 0x
    Test reverted: 0x
    Test reverted: 0x
    Test reverted: 0x

=== EXIT CODE: 1 ===
