---
source: crates/fe/tests/cli_output.rs
assertion_line: 232
expression: output
input_file: tests/fixtures/fe_test_runner/fail_assert.fe
---
=== STDOUT ===
test test_assert ... FAILED

test result: FAILED. 0 passed; 1 failed

failures:
    test_assert

=== STDERR ===
    Test reverted: 0x

---- yul output for test test_assert (test_test_assert) ----
object "test_test_assert" {
  code {
    datacopy(0, dataoffset("runtime"), datasize("runtime"))
    return(0, datasize("runtime"))
  }

  object "runtime" {
    code {
      function $assert($b) {
        let v0 := iszero($b)
        if v0 {
          revert(0, 0)
        }
        leave
      }
      function $test_assert() {
        $assert(0)
        leave
      }
      $test_assert()
      return(0, 0)
    }
  }
}
---- end yul output ----

=== EXIT CODE: 1 ===
